Microchip Technology Inc, v2.00 (B)

Tool Name:
  c:\program files\microchip\xc16\v2.00\bin\bin\..\bin/elf-ld.exe

Command:
  -p24FJ128GA106 \
  --mdfp=C:/Program Files/Microchip/MPLABX/v6.00/packs/Microchip/PIC24F-GA-GB_DFP/1.5.181/xc16 \
  -o \
  dist/default/production/FireClock.X.production.elf \
  -Lc:/program files/microchip/xc16/v2.00/bin/bin/.. \
  -LC:/Program Files/Microchip/MPLABX/v6.00/packs/Microchip/PIC24F-GA-GB_DFP/1.5.181/xc16/bin/../support/PIC24F/gld \
  -Lc:/program files/microchip/xc16/v2.00/bin/bin/../../lib \
  -Lc:/program files/microchip/xc16/v2.00/bin/bin/../../support/PIC24E/gld \
  -Lc:/program files/microchip/xc16/v2.00/bin/bin/../../support/PIC24F/gld \
  -Lc:/program files/microchip/xc16/v2.00/bin/bin/../../support/PIC24H/gld \
  -Lc:/program files/microchip/xc16/v2.00/bin/bin/../../support/dsPIC30F/gld \
  -Lc:/program files/microchip/xc16/v2.00/bin/bin/../../support/dsPIC33C/gld \
  -Lc:/program files/microchip/xc16/v2.00/bin/bin/../../support/dsPIC33E/gld \
  -Lc:/program files/microchip/xc16/v2.00/bin/bin/../../support/dsPIC33F/gld \
  build/default/production/_ext/2116421387/fonts.o \
  build/default/production/_ext/2116421387/m12_20_L1.o \
  build/default/production/_ext/2116421387/BebasNeue-Regular_12_L1.o \
  build/default/production/_ext/2116421387/Antonio-Regular_16_L1.o \
  build/default/production/_ext/2116421387/BebasNeue-Bold_16_L1.o \
  build/default/production/_ext/2116421387/m12_16_L1.o \
  build/default/production/_ext/455377414/draw.o \
  build/default/production/_ext/1100913241/HelloWorld_100x100_L1.o \
  build/default/production/_ext/1100913241/blank_screens_100x100.o \
  build/default/production/_ext/1100913241/Pepsi_100x100_L1.o \
  build/default/production/_ext/1100913241/flame_animation1_100x500_L1.o \
  build/default/production/_ext/1100913241/artstrade_100x100_mono_100x100_L1.o \
  build/default/production/_ext/1100913241/triden_100x100_L1.o \
  build/default/production/_ext/1100913241/clock1_100x100_L1.o \
  build/default/production/_ext/1037427530/peripherals_map.o \
  build/default/production/_ext/1037427530/peripherals_HAL.o \
  build/default/production/_ext/1037427530/uart_HAL.o \
  build/default/production/_ext/1037427530/spi_HAL.o \
  build/default/production/_ext/1037427530/rtcc.o \
  build/default/production/_ext/1037427530/log_HAL.o \
  build/default/production/_ext/245878840/screens.o \
  build/default/production/_ext/245878840/screen_flame_clock.o \
  build/default/production/_ext/245878840/screen_analog_clock.o \
  build/default/production/_ext/1472/interrupts.o \
  build/default/production/_ext/1472/main_fclock.o \
  build/default/production/_ext/1472/delays.o \
  build/default/production/_ext/1472/debugging.o \
  build/default/production/_ext/1472/clock_task.o \
  build/default/production/_ext/1472/display_utils.o \
  build/default/production/_ext/1472/log.o \
  build/default/production/_ext/1472/adjusting.o \
  build/default/production/_ext/1472/sound.o \
  --defsym=__MPLAB_BUILD=1 \
  -Tp24FJ128GA106.gld.00 \
  --heap=256 \
  --check-sections \
  --data-init \
  --pack-data \
  --handles \
  --isr \
  --no-gc-sections \
  --fill-upper=0 \
  --stackguard=16 \
  --no-force-link \
  --smart-io \
  -Map=dist/default/production/FireClock.X.production.map \
  --memorysummary \
  dist/default/production/memoryfile.xml \
  -start-group \
  --library=c99-pic30-elf \
  --library=m-elf \
  --library=c99-elf \
  -end-group \


Optional library libpPIC24Fxxx.a not found
Archive member included because of file (symbol)

c:/program files/microchip/xc16/v2.00/bin/bin/../../lib\libc99-pic30-elf.a(crt0_standard.o)
                              (__resetPRI)
c:/program files/microchip/xc16/v2.00/bin/bin/../../lib\libc99-pic30-elf.a(data_init_standard.o)
                              c:/program files/microchip/xc16/v2.00/bin/bin/../../lib\libc99-pic30-elf.a(crt0_standard.o) (__data_init_standard)
c:/program files/microchip/xc16/v2.00/bin/bin/../../lib\libc99-pic30-elf.a(crt_start_mode_normal.Meo)
                              (__crt_start_mode_normal)
c:/program files/microchip/xc16/v2.00/bin/bin/../../lib\libc99-pic30-elf.a(fixsfsi.XX_o)
                              build/default/production/_ext/455377414/draw.o (_(float, int, long long, short, float, short, int))
c:/program files/microchip/xc16/v2.00/bin/bin/../../lib\libc99-pic30-elf.a(floatsisf.XX_o)
                              build/default/production/_ext/455377414/draw.o (___floatsisf)
c:/program files/microchip/xc16/v2.00/bin/bin/../../lib\libc99-pic30-elf.a(funpack.XX_o)
                              c:/program files/microchip/xc16/v2.00/bin/bin/../../lib\libc99-pic30-elf.a(fixsfsi.XX_o) (__funpack)
c:/program files/microchip/xc16/v2.00/bin/bin/../../lib\libc99-pic30-elf.a(udivsi3.XX_o)
                              build/default/production/_ext/1472/interrupts.o (___udivsi3)
c:/program files/microchip/xc16/v2.00/bin/bin/../../lib\libc99-pic30-elf.a(addsf3x.XX_o)
[...]
Memory Configuration

Name             Origin             Length             Attributes
data             0x000800           0x004000           a !xr
reset            0x000000           0x000004  
ivt              0x000004           0x0000fc  
_reserved        0x000100           0x000004  
aivt             0x000104           0x0000fc  
program          0x000200           0x0155f8           xr
CONFIG3          0x0157fa           0x000002  
CONFIG2          0x0157fc           0x000002  
CONFIG1          0x0157fe           0x000002  
*default*        0x000000           0xffffffff  

Linker script and memory map

LOAD build/default/production/_ext/2116421387/fonts.o
LOAD build/default/production/_ext/2116421387/m12_20_L1.o
LOAD build/default/production/_ext/2116421387/BebasNeue-Regular_12_L1.o
LOAD build/default/production/_ext/2116421387/Antonio-Regular_16_L1.o
LOAD build/default/production/_ext/2116421387/BebasNeue-Bold_16_L1.o
LOAD build/default/production/_ext/2116421387/m12_16_L1.o
LOAD build/default/production/_ext/455377414/draw.o
LOAD build/default/production/_ext/1100913241/HelloWorld_100x100_L1.o
LOAD build/default/production/_ext/1100913241/blank_screens_100x100.o
LOAD build/default/production/_ext/1100913241/Pepsi_100x100_L1.o
LOAD build/default/production/_ext/1100913241/flame_animation1_100x500_L1.o
LOAD build/default/production/_ext/1100913241/artstrade_100x100_mono_100x100_L1.o
LOAD build/default/production/_ext/1100913241/triden_100x100_L1.o
LOAD build/default/production/_ext/1100913241/clock1_100x100_L1.o
LOAD build/default/production/_ext/1037427530/peripherals_map.o
LOAD build/default/production/_ext/1037427530/peripherals_HAL.o
LOAD build/default/production/_ext/1037427530/uart_HAL.o
LOAD build/default/production/_ext/1037427530/spi_HAL.o
LOAD build/default/production/_ext/1037427530/rtcc.o
LOAD build/default/production/_ext/1037427530/log_HAL.o
LOAD build/default/production/_ext/245878840/screens.o
LOAD build/default/production/_ext/245878840/screen_flame_clock.o
LOAD build/default/production/_ext/245878840/screen_analog_clock.o
LOAD build/default/production/_ext/1472/interrupts.o
LOAD build/default/production/_ext/1472/main_fclock.o
LOAD build/default/production/_ext/1472/delays.o
LOAD build/default/production/_ext/1472/debugging.o
LOAD build/default/production/_ext/1472/clock_task.o
LOAD build/default/production/_ext/1472/display_utils.o
LOAD build/default/production/_ext/1472/log.o
LOAD build/default/production/_ext/1472/adjusting.o
LOAD build/default/production/_ext/1472/sound.o
                    0x0001                  __MPLAB_BUILD = 0x1
LOAD pPIC24Fxxx
LOAD c:/program files/microchip/xc16/v2.00/bin/bin/../../lib\libfx-elf.a
                    0x157fa                  __CONFIG3 = 0x157fa
                    0x157fc                  __CONFIG2 = 0x157fc
                    0x157fe                  __CONFIG1 = 0x157fe
                    0x0200                  __CODE_BASE = 0x200
                    0x155f8                  __CODE_LENGTH = 0x155f8
                    0x0004                  __IVT_BASE = 0x4
                    0x0104                  __AIVT_BASE = 0x104
                    0x0800                  __DATA_BASE = 0x800
                    0x4000                  __DATA_LENGTH = 0x4000

.reset            0x000000          0x4
                  0x000000          0x2 SHORT 0x200 ABSOLUTE (__reset)
                  0x000001          0x2 SHORT 0x4
                  0x000002          0x2 SHORT 0x0 ((ABSOLUTE (__reset) >> 0x10) & 0x7f)
                  0x000003          0x2 SHORT 0x0

.text             0x000200       0x34ac
 *(.init)
 .init            0x000200         0x4c c:/program files/microchip/xc16/v2.00/bin/bin/../../lib\libc99-pic30-elf.a(crt0_standard.o)
                  0x000200                  __resetPRI
                  0x000200                  __reset
                  0x00023c                  __psv_init
 .init            0x00024c         0x7c c:/program files/microchip/xc16/v2.00/bin/bin/../../lib\libc99-pic30-elf.a(data_init_standard.o)
                  0x000252                  __data_init_standard
                  0x000252                  __data_init
 *(.user_init)
 *(.handle)
 .handle          0x0002c8         0x18 jump_table
 *(.isr*)
 .isr.text        0x0002e0        0x15c build/default/production/_ext/1472/interrupts.o
                  0x0002e0                  __T1Interrupt
                  0x0003b0                  __T2Interrupt
                  0x0003c4                  __T3Interrupt
                  0x00040e                  __U1RXInterrupt
                  0x000428                  __CNInterrupt
 .isr             0x00043c          0x4 default_isr
                  0x00043c                  __DefaultInterrupt
 *(.libc)
 .libc            0x000440         0x1e c:/program files/microchip/xc16/v2.00/bin/bin/../../lib\libc99-pic30-elf.a(lseek.Meo)
                  0x000440                  _lseek
 .libc            0x00045e         0x18 c:/program files/microchip/xc16/v2.00/bin/bin/../../lib\libc99-pic30-elf.a(close.Meo)
                  0x00045e                  _close
 .libc            0x000476         0x8a c:/program files/microchip/xc16/v2.00/bin/bin/../../lib\libc99-pic30-elf.a(write.Meo)
                  0x000476                  _write
 *(.libm)
 *(.libdsp)
 *(.lib*)
 .libpic30_crt_start_mode
                  0x000500          0x2 c:/program files/microchip/xc16/v2.00/bin/bin/../../lib\libc99-pic30-elf.a(crt_start_mode_normal.Meo)
                  0x000500                  __crt_start_mode
                  0x000500                  __crt_start_mode_normal
 .libm.fixsfsi    0x000502         0x42 c:/program files/microchip/xc16/v2.00/bin/bin/../../lib\libc99-pic30-elf.a(fixsfsi.XX_o)
                  0x000502                  _(float, int, long long, short, float, short, int)
 .libm.floatsisf
                  0x000544          0x6 c:/program files/microchip/xc16/v2.00/bin/bin/../../lib\libc99-pic30-elf.a(floatsisf.XX_o)
                  0x000544                  ___floatsisf
 .libm.funpack    0x00054a         0x2a c:/program files/microchip/xc16/v2.00/bin/bin/../../lib\libc99-pic30-elf.a(funpack.XX_o)
                  0x00054a                  __funpack
 .libm.udivsi3    0x000574         0x20 c:/program files/microchip/xc16/v2.00/bin/bin/../../lib\libc99-pic30-elf.a(udivsi3.XX_o)
                  0x000574                  ___udivsi3
 .libmx           0x000594        0x1dc c:/program files/microchip/xc16/v2.00/bin/bin/../../lib\libc99-pic30-elf.a(addsf3x.XX_o)
                  0x000594                  ___subsf3x
                  0x000594                  ___subsf3
                  0x0005a6                  ___addsf3x
                  0x0005a6                  ___addsf3
 .libmx           0x000770        0x10c c:/program files/microchip/xc16/v2.00/bin/bin/../../lib\libc99-pic30-elf.a(mulsf3x.XX_o)
                  0x000770                  ___mulsf3x
                  0x000770                  ___mulsf3
 .libmx           0x00087c         0x54 c:/program files/microchip/xc16/v2.00/bin/bin/../../lib\libc99-pic30-elf.a(dnrmpackfx.XX_o)
                  0x00087c                  __dnrmpackf
 .libmx           0x0008d0         0x5e c:/program files/microchip/xc16/v2.00/bin/bin/../../lib\libc99-pic30-elf.a(unpackdnrmfx.XX_o)
                  0x0008d0                  __unpackdnrmf
 .libmx           0x00092e         0x34 c:/program files/microchip/xc16/v2.00/bin/bin/../../lib\libc99-pic30-elf.a(typefx.XX_o)
                  0x00092e                  __typef
 .libmx           0x000962         0x12 c:/program files/microchip/xc16/v2.00/bin/bin/../../lib\libc99-pic30-elf.a(propnanfx.XX_o)
                  0x000962                  __propnanf
 .libm.floatdisf
                  0x000974         0x20 c:/program files/microchip/xc16/v2.00/bin/bin/../../lib\libc99-pic30-elf.a(floatdisf.XX_o)
                  0x000974                  ___floatdisf
 .libm.floatundisf
                  0x000994         0x5e c:/program files/microchip/xc16/v2.00/bin/bin/../../lib\libc99-pic30-elf.a(floatundisf.XX_o)
                  0x000994                  ___floatundisf
 .libm.fpack      0x0009f2         0x4c c:/program files/microchip/xc16/v2.00/bin/bin/../../lib\libc99-pic30-elf.a(fpack.XX_o)
                  0x0009f2                  __fpack
 .libc.cosf       0x000a3e         0xe8 c:/program files/microchip/xc16/v2.00/bin/bin/../../lib\libm-elf.a(cosf.XX_o)
                  0x000a3e                  _cosf
 .libc.roundf     0x000b26         0xa2 c:/program files/microchip/xc16/v2.00/bin/bin/../../lib\libm-elf.a(roundf.XX_o)
                  0x000b26                  _roundf
 .libc.sinf       0x000bc8         0xea c:/program files/microchip/xc16/v2.00/bin/bin/../../lib\libm-elf.a(sinf.XX_o)
                  0x000bc8                  _sinf
 .libc.__cosdf    0x000cb2         0x5c c:/program files/microchip/xc16/v2.00/bin/bin/../../lib\libm-elf.a(__cosdf.XX_o)
                  0x000cb2                  ___cosdf
 .libc.__rem_pio2f
                  0x000d0e         0xb6 c:/program files/microchip/xc16/v2.00/bin/bin/../../lib\libm-elf.a(__rem_pio2f.XX_o)
                  0x000d0e                  ___rem_pio2f
 .libc.__sindf    0x000dc4         0x60 c:/program files/microchip/xc16/v2.00/bin/bin/../../lib\libm-elf.a(__sindf.XX_o)
                  0x000dc4                  ___sindf
 .libc.__rem_pio2_large
                  0x000e24        0x738 c:/program files/microchip/xc16/v2.00/bin/bin/../../lib\libm-elf.a(__rem_pio2_large.XX_o)
                  0x000e24                  ___rem_pio2_large
 .libc.floor      0x00155c         0xbe c:/program files/microchip/xc16/v2.00/bin/bin/../../lib\libm-elf.a(floor.XX_o)
                  0x00155c                  _floor
 .libc.scalbn     0x00161a         0x54 c:/program files/microchip/xc16/v2.00/bin/bin/../../lib\libm-elf.a(scalbn.XX_o)
                  0x00161a                  _scalbn
 .libc.memcpy     0x00166e          0xe c:/program files/microchip/xc16/v2.00/bin/bin/../../lib\libc99-elf.a(memcpy.XX_o)
                  0x00166e                  _memcpy
 .libc.memset     0x00167c         0xc6 c:/program files/microchip/xc16/v2.00/bin/bin/../../lib\libc99-elf.a(memset.XX_o)
                  0x00167c                  _memset
 .libc.vsprintf
                  0x001742          0x8 c:/program files/microchip/xc16/v2.00/bin/bin/../../lib\libc99-elf.a(vsprintf.XX_o)
                  0x001742                  _vsprintf
 .libc.vsnprintf
                  0x00174a         0x50 c:/program files/microchip/xc16/v2.00/bin/bin/../../lib\libc99-elf.a(vsnprintf.XX_o)
                  0x00174a                  _vsnprintf
 .libc.vfprintf
                  0x00179a         0x1c c:/program files/microchip/xc16/v2.00/bin/bin/../../lib\libc99-elf.a(vfprintf.XX_o)
                  0x00179a                  _vfprintf
 .libc.__string_out
                  0x0017b6         0x28 c:/program files/microchip/xc16/v2.00/bin/bin/../../lib\libc99-elf.a(__printf_core.XX_o)
 .libc.__pad      0x0017de         0x74 c:/program files/microchip/xc16/v2.00/bin/bin/../../lib\libc99-elf.a(__printf_core.XX_o)
                  0x0017de                  ___pad
 .libc.__dummy_fmt3
                  0x001852          0x2 c:/program files/microchip/xc16/v2.00/bin/bin/../../lib\libc99-elf.a(__printf_core.XX_o)
 .libc.__dummy_fmt4
                  0x001854          0x2 c:/program files/microchip/xc16/v2.00/bin/bin/../../lib\libc99-elf.a(__printf_core.XX_o)
 .libc.__dummy_fmts
                  0x001856          0x2 c:/program files/microchip/xc16/v2.00/bin/bin/../../lib\libc99-elf.a(__printf_core.XX_o)
 .libc.__fmt_state
                  0x001858         0x2c c:/program files/microchip/xc16/v2.00/bin/bin/../../lib\libc99-elf.a(__printf_core.XX_o)
                  0x001858                  ___fmt_state
 .libc.vfpfcnvrt.clone.0
                  0x001884        0x2c0 c:/program files/microchip/xc16/v2.00/bin/bin/../../lib\libc99-elf.a(__printf_core.XX_o)
 .libc.__printf_core
                  0x001b44         0x40 c:/program files/microchip/xc16/v2.00/bin/bin/../../lib\libc99-elf.a(__printf_core.XX_o)
                  0x001b44                  ___printf_core
 .libc.__wrap_printf
                  0x001b84         0x10 c:/program files/microchip/xc16/v2.00/bin/bin/../../lib\libc99-elf.a(__sio_printf_doux.XX_o)
                  0x001b84                  __printf_cdnopuxX
                  0x001b84                  __dprintf_cdnopuxX
 .libc.__sio_printf_doux
                  0x001b94          0xa c:/program files/microchip/xc16/v2.00/bin/bin/../../lib\libc99-elf.a(__sio_printf_doux.XX_o)
                  0x001b94                  ___sio_printf_doux
 .libc.__fmt_d    0x001b9e         0xb2 c:/program files/microchip/xc16/v2.00/bin/bin/../../lib\libc99-elf.a(__fmt_d.XX_o)
                  0x001b9e                  ___fmt_d
                  0x001b9e                  ___fmt_d_needed
 .libc.__fmt_o    0x001c50         0x6a c:/program files/microchip/xc16/v2.00/bin/bin/../../lib\libc99-elf.a(__fmt_o.XX_o)
                  0x001c50                  ___fmt_o
                  0x001c50                  ___fmt_o_needed
 .libc.__fmt_s    0x001cba         0x54 c:/program files/microchip/xc16/v2.00/bin/bin/../../lib\libc99-elf.a(__fmt_s.XX_o)
                  0x001cba                  ___fmt_0_needed
                  0x001cba                  ___fmt_s_needed
                  0x001cba                  ___fmt_s
 .libc.__cvt_u    0x001d0e         0xa4 c:/program files/microchip/xc16/v2.00/bin/bin/../../lib\libc99-elf.a(__fmt_u.XX_o)
                  0x001d0e                  ___cvt_u
 .libc.__fmt_u    0x001db2         0x52 c:/program files/microchip/xc16/v2.00/bin/bin/../../lib\libc99-elf.a(__fmt_u.XX_o)
                  0x001db2                  ___fmt_u
                  0x001db2                  ___fmt_u_needed
 .libc.__fmt_x    0x001e04        0x14a c:/program files/microchip/xc16/v2.00/bin/bin/../../lib\libc99-elf.a(__fmt_x.XX_o)
                  0x001e04                  ___fmt_x_needed
                  0x001e04                  ___fmt_x
 .libc.__vfprintf
                  0x001f4e         0x1c c:/program files/microchip/xc16/v2.00/bin/bin/../../lib\libc99-elf.a(__int_vfprintf.XX_o)
                  0x001f4e                  ___vfprintf
 .libc.__dummy0
                  0x001f6a          0x2 c:/program files/microchip/xc16/v2.00/bin/bin/../../lib\libc99-elf.a(stdout.XX_o)
                  0x001f6a                  ___stdio_seek
 .libc.__dummy    0x001f6c          0x4 c:/program files/microchip/xc16/v2.00/bin/bin/../../lib\libc99-elf.a(stdout.XX_o)
                  0x001f6c                  ___get_stdout
 .libc.__init_stdout
                  0x001f70          0x8 c:/program files/microchip/xc16/v2.00/bin/bin/../../lib\libc99-elf.a(stdout.XX_o)
                  0x001f70                  ___init_stdout
 .libc.strlen     0x001f78         0x30 c:/program files/microchip/xc16/v2.00/bin/bin/../../lib\libc99-elf.a(strlen.XX_o)
                  0x001f78                  _strlen
 .libc.__string_out
                  0x001fa8         0x28 c:/program files/microchip/xc16/v2.00/bin/bin/../../lib\libc99-elf.a(__out.XX_o)
 .libc.__fwrite_min
                  0x001fd0          0x4 c:/program files/microchip/xc16/v2.00/bin/bin/../../lib\libc99-elf.a(__out.XX_o)
                  0x001fd0                  ___fwrite
                  0x001fd0                  ___stdio_write
                  0x001fd0                  ___stdio_write_unbuffered
 .libc.__out      0x001fd4         0x10 c:/program files/microchip/xc16/v2.00/bin/bin/../../lib\libc99-elf.a(__out.XX_o)
                  0x001fd4                  ___out_needed
                  0x001fd4                  ___out
 .libc.__stdio_close
                  0x001fe4         0x48 c:/program files/microchip/xc16/v2.00/bin/bin/../../lib\libc99-elf.a(__stdio_close.XX_o)
                  0x001fe4                  ___stdio_close
 .libc.__stdio_close_rw
                  0x00202c         0x64 c:/program files/microchip/xc16/v2.00/bin/bin/../../lib\libc99-elf.a(__stdio_close.XX_o)
                  0x00202c                  ___stdio_close_rw
 .libc.vprintf    0x002090          0xa c:/program files/microchip/xc16/v2.00/bin/bin/../../lib\libc99-elf.a(vprintf.XX_o)
                  0x002090                  _vprintf
 .libc.__LONG_DOUBLE_BITS
                  0x00209a          0x2 c:/program files/microchip/xc16/v2.00/bin/bin/../../lib\libc99-elf.a(__fmt_a.XX_o)
 .libc.__fmt_a    0x00209c        0x522 c:/program files/microchip/xc16/v2.00/bin/bin/../../lib\libc99-elf.a(__fmt_a.XX_o)
                  0x00209c                  ___fmt_a_needed
                  0x00209c                  ___fmt_a
 .libc.__LONG_DOUBLE_BITS
                  0x0025be          0x2 c:/program files/microchip/xc16/v2.00/bin/bin/../../lib\libc99-elf.a(__fmt_fp.XX_o)
 .libc.__fmt_fp
                  0x0025c0        0x544 c:/program files/microchip/xc16/v2.00/bin/bin/../../lib\libc99-elf.a(__fmt_fp.XX_o)
                  0x0025c0                  ___fmt_f_needed
                  0x0025c0                  ___fmt_fp
 .libc.__isspace
                  0x002b04         0x14 c:/program files/microchip/xc16/v2.00/bin/bin/../../lib\libc99-elf.a(atoi.XX_o)
 .libc.atoi       0x002b18         0x4c c:/program files/microchip/xc16/v2.00/bin/bin/../../lib\libc99-elf.a(atoi.XX_o)
                  0x002b18                  _atoi
 .libc.tolower    0x002b64          0xc c:/program files/microchip/xc16/v2.00/bin/bin/../../lib\libc99-elf.a(tolower.XX_o)
                  0x002b64                  _tolower
 .libc.__tolower_l
                  0x002b70          0x2 c:/program files/microchip/xc16/v2.00/bin/bin/../../lib\libc99-elf.a(tolower.XX_o)
                  0x002b70                  ___tolower_l
                  0x002b70                  _tolower_l
 .libc.__pop_float
                  0x002b72         0x3e c:/program files/microchip/xc16/v2.00/bin/bin/../../lib\libc99-elf.a(__pop_float.XX_lo)
                  0x002b72                  ___pop_float
                  0x002b72                  ___pop_float_needed
 .libc.__pop_int
                  0x002bb0         0xb2 c:/program files/microchip/xc16/v2.00/bin/bin/../../lib\libc99-elf.a(__pop_int.XX_lo)
                  0x002bb0                  ___pop_int
                  0x002bb0                  ___pop_int_needed
 .libc.__pop_ptr
                  0x002c62         0x74 c:/program files/microchip/xc16/v2.00/bin/bin/../../lib\libc99-elf.a(__pop_ptr.XX_lo)
                  0x002c62                  ___pop_ptr_needed
                  0x002c62                  ___pop_ptr
 .libc.toupper    0x002cd6          0xc c:/program files/microchip/xc16/v2.00/bin/bin/../../lib\libc99-elf.a(toupper.XX_o)
                  0x002cd6                  _toupper
 .libc.__toupper_l
                  0x002ce2          0x2 c:/program files/microchip/xc16/v2.00/bin/bin/../../lib\libc99-elf.a(toupper.XX_o)
                  0x002ce2                  ___toupper_l
                  0x002ce2                  _toupper_l
 .libc.strcpy     0x002ce4          0xe c:/program files/microchip/xc16/v2.00/bin/bin/../../lib\libc99-elf.a(strcpy.XX_o)
                  0x002ce4                  _strcpy
 .libc.__dummy    0x002cf2          0x2 c:/program files/microchip/xc16/v2.00/bin/bin/../../lib\libc99-elf.a(__init_stdio.XX_o)
                  0x002cf2                  ___init_stderr
                  0x002cf2                  ___init_stdin
 .libc.__init_stdio
                  0x002cf4          0x6 c:/program files/microchip/xc16/v2.00/bin/bin/../../lib\libc99-elf.a(__init_stdio.XX_o)
                  0x002cf4                  ___init_stdio
                  0x002cf4                  ___init_stdio_needed
 .libc.__stpcpy
                  0x002cfa         0x40 c:/program files/microchip/xc16/v2.00/bin/bin/../../lib\libc99-elf.a(stpcpy.XX_o)
                  0x002cfa                  ___stpcpy
                  0x002cfa                  _stpcpy
 .libm.eqdf2      0x002d3a          0xa c:/program files/microchip/xc16/v2.00/bin/bin/../../lib\libc99-pic30-elf.a(deqltle.XX_o)
                  0x002d3a                  ___eqdf2
                  0x002d3a                  ___ltdf2
                  0x002d3a                  ___ledf2
 .libm.extendsfdf2
                  0x002d44         0x3e c:/program files/microchip/xc16/v2.00/bin/bin/../../lib\libc99-pic30-elf.a(extendsfdf.XX_o)
                  0x002d44                  ___extendsfdf2
 .libm.eqsf2      0x002d82          0x4 c:/program files/microchip/xc16/v2.00/bin/bin/../../lib\libc99-pic30-elf.a(feqltle.XX_o)
                  0x002d82                  ___eqsf2
                  0x002d82                  ___ltsf2
                  0x002d82                  ___lesf2
 .libm.gtsf2      0x002d86          0x4 c:/program files/microchip/xc16/v2.00/bin/bin/../../lib\libc99-pic30-elf.a(fgtge.XX_o)
                  0x002d86                  ___gesf2
                  0x002d86                  ___gtsf2
 .libm.fixdfsi    0x002d8a         0x58 c:/program files/microchip/xc16/v2.00/bin/bin/../../lib\libc99-pic30-elf.a(fixdfsi.XX_o)
                  0x002d8a                  _(float, int, long long, double, float, short, int)
 .libm.mulsi3     0x002de2          0xc c:/program files/microchip/xc16/v2.00/bin/bin/../../lib\libc99-pic30-elf.a(mulsi3.XX_o)
                  0x002de2                  ___mulp32peds3
                  0x002de2                  ___mulsi3
                  0x002de2                  ___mulp32eds3
 .lib_dpfops      0x002dee         0xa2 c:/program files/microchip/xc16/v2.00/bin/bin/../../lib\libc99-pic30-elf.a(dpadd.XX_o)
                  0x002dee                  ___subdf3
                  0x002dfa                  ___adddf3
 .lib_dpfops      0x002e90        0x15e c:/program files/microchip/xc16/v2.00/bin/bin/../../lib\libc99-pic30-elf.a(dpdiv.XX_o)
                  0x002e90                  ___divdf3
 .lib_dpfops      0x002fee        0x11a c:/program files/microchip/xc16/v2.00/bin/bin/../../lib\libc99-pic30-elf.a(dpmul.XX_o)
                  0x002fee                  ___muldf3
 .lib_dpfops      0x003108        0x128 c:/program files/microchip/xc16/v2.00/bin/bin/../../lib\libc99-pic30-elf.a(dpsubs.XX_o)
                  0x003122                  __dxchg
                  0x003130                  __drshft
                  0x00318a                  __dupchk
                  0x0031ec                  __drndex
                  0x0031f6                  __dnsrnd
                  0x003222                  __dpakex
 .libm.dcompare
                  0x003230         0x52 c:/program files/microchip/xc16/v2.00/bin/bin/../../lib\libc99-pic30-elf.a(dcompare.XX_o)
                  0x003230                  __dcompare
 .libm.dtype      0x003282         0x24 c:/program files/microchip/xc16/v2.00/bin/bin/../../lib\libc99-pic30-elf.a(dtype.XX_o)
                  0x003282                  __dtype
 .libm.dunpack    0x0032a6         0x4e c:/program files/microchip/xc16/v2.00/bin/bin/../../lib\libc99-pic30-elf.a(dunpack.XX_o)
                  0x0032a6                  __dunpack
 .libm.dunpack2
                  0x0032f4         0x32 c:/program files/microchip/xc16/v2.00/bin/bin/../../lib\libc99-pic30-elf.a(dunpack2.XX_o)
                  0x0032f4                  __dunpack2
                  0x003316                  __dreturnNaN
                  0x00331c                  __dunpack2exit
 .libm.fcompare
                  0x003326         0x36 c:/program files/microchip/xc16/v2.00/bin/bin/../../lib\libc99-pic30-elf.a(fcompare.XX_o)
                  0x003326                  __fcompare
 .libm.funpack2
                  0x00335c         0x10 c:/program files/microchip/xc16/v2.00/bin/bin/../../lib\libc99-pic30-elf.a(funpack2.XX_o)
                  0x00335c                  __funpack2
 .libm.dPropagateNaN
                  0x00336c         0x1c c:/program files/microchip/xc16/v2.00/bin/bin/../../lib\libc99-pic30-elf.a(dpropagateNaN.XX_o)
                  0x00336c                  __dPropagateNaN
 .libc.dolseek    0x003388          0x4 c:/program files/microchip/xc16/v2.00/bin/bin/../../lib\libc99-pic30-elf.a(lseek.Meo)
 .libc.doclose    0x00338c          0x4 c:/program files/microchip/xc16/v2.00/bin/bin/../../lib\libc99-pic30-elf.a(close.Meo)
 .libc.dowrite    0x003390          0x4 c:/program files/microchip/xc16/v2.00/bin/bin/../../lib\libc99-pic30-elf.a(write.Meo)
 .libm.__PplusBdi
                  0x003394         0x26 c:/program files/microchip/xc16/v2.00/bin/bin/../../lib\libc99-pic30-elf.a(divmoddi3.XX_o)
 .libm.__PminusBdi
                  0x0033ba         0x26 c:/program files/microchip/xc16/v2.00/bin/bin/../../lib\libc99-pic30-elf.a(divmoddi3.XX_o)
 .libm.__udivmoddi3
                  0x0033e0         0xf8 c:/program files/microchip/xc16/v2.00/bin/bin/../../lib\libc99-pic30-elf.a(divmoddi3.XX_o)
                  0x0033e0                  ___udivmoddi3
 .libm.__udivdi3
                  0x0034d8          0xe c:/program files/microchip/xc16/v2.00/bin/bin/../../lib\libc99-pic30-elf.a(divmoddi3.XX_o)
                  0x0034d8                  ___udivdi3
 .libm.__umoddi3
                  0x0034e6          0x8 c:/program files/microchip/xc16/v2.00/bin/bin/../../lib\libc99-pic30-elf.a(divmoddi3.XX_o)
                  0x0034e6                  ___umoddi3
 .libm.__divdi3
                  0x0034ee         0x60 c:/program files/microchip/xc16/v2.00/bin/bin/../../lib\libc99-pic30-elf.a(divmoddi3.XX_o)
                  0x0034ee                  ___divdi3
 .libm.__moddi3
                  0x00354e         0x5c c:/program files/microchip/xc16/v2.00/bin/bin/../../lib\libc99-pic30-elf.a(divmoddi3.XX_o)
                  0x00354e                  ___moddi3
 .libc.floorl     0x0035aa         0xf8 c:/program files/microchip/xc16/v2.00/bin/bin/../../lib\libm-elf.a(floorl.XX_o)
                  0x0035aa                  _floorl
 .libm.gtdf2      0x0036a2          0xa c:/program files/microchip/xc16/v2.00/bin/bin/../../lib\libc99-pic30-elf.a(dgtge.XX_o)
                  0x0036a2                  ___gtdf2
                  0x0036a2                  ___gedf2

usercode
 *(usercode)

__CONFIG3
 *(__CONFIG3.sec*)

__CONFIG2
 *(__CONFIG2.sec*)

__CONFIG1
 *(__CONFIG1.sec*)

.comment
 *(.comment)

.debug_info       0x000000       0xaa0c
 *(.debug_info)
 .debug_info      0x000000        0x525 build/default/production/_ext/2116421387/fonts.o
 .debug_info      0x000525        0x17a build/default/production/_ext/2116421387/m12_20_L1.o
 .debug_info      0x00069f        0x195 build/default/production/_ext/2116421387/BebasNeue-Regular_12_L1.o
 .debug_info      0x000834        0x192 build/default/production/_ext/2116421387/Antonio-Regular_16_L1.o
 .debug_info      0x0009c6        0x190 build/default/production/_ext/2116421387/BebasNeue-Bold_16_L1.o
 .debug_info      0x000b56        0x17a build/default/production/_ext/2116421387/m12_16_L1.o
 .debug_info      0x000cd0        0x588 build/default/production/_ext/455377414/draw.o
 .debug_info      0x001258        0x187 build/default/production/_ext/1100913241/HelloWorld_100x100_L1.o
 .debug_info      0x0013df        0x1a9 build/default/production/_ext/1100913241/blank_screens_100x100.o
 .debug_info      0x001588        0x17d build/default/production/_ext/1100913241/Pepsi_100x100_L1.o
 .debug_info      0x001705        0x192 build/default/production/_ext/1100913241/flame_animation1_100x500_L1.o
 .debug_info      0x001897        0x193 build/default/production/_ext/1100913241/artstrade_100x100_mono_100x100_L1.o
 .debug_info      0x001a2a        0x17f build/default/production/_ext/1100913241/triden_100x100_L1.o
 .debug_info      0x001ba9        0x184 build/default/production/_ext/1100913241/clock1_100x100_L1.o
 .debug_info      0x001d2d        0x907 build/default/production/_ext/1037427530/peripherals_map.o
 .debug_info      0x002634        0xbae build/default/production/_ext/1037427530/peripherals_HAL.o
 .debug_info      0x0031e2       0x180b build/default/production/_ext/1037427530/uart_HAL.o
 .debug_info      0x0049ed        0x414 build/default/production/_ext/1037427530/spi_HAL.o
 .debug_info      0x004e01        0x5e6 build/default/production/_ext/1037427530/rtcc.o
 .debug_info      0x0053e7        0x164 build/default/production/_ext/1037427530/log_HAL.o
 .debug_info      0x00554b        0x590 build/default/production/_ext/245878840/screens.o
 .debug_info      0x005adb        0x570 build/default/production/_ext/245878840/screen_flame_clock.o
 .debug_info      0x00604b        0x655 build/default/production/_ext/245878840/screen_analog_clock.o
 .debug_info      0x0066a0       0x151b build/default/production/_ext/1472/interrupts.o
 .debug_info      0x007bbb        0x312 build/default/production/_ext/1472/main_fclock.o
 .debug_info      0x007ecd        0x19c build/default/production/_ext/1472/delays.o
 .debug_info      0x008069        0x3b8 build/default/production/_ext/1472/debugging.o
 .debug_info      0x008421        0x51b build/default/production/_ext/1472/clock_task.o
 .debug_info      0x00893c        0x75e build/default/production/_ext/1472/display_utils.o
 .debug_info      0x00909a        0x1a9 build/default/production/_ext/1472/log.o
 .debug_info      0x009243        0x477 build/default/production/_ext/1472/adjusting.o
 .debug_info      0x0096ba        0x159 build/default/production/_ext/1472/sound.o
 .debug_info      0x009813         0x8d c:/program files/microchip/xc16/v2.00/bin/bin/../../lib\libc99-pic30-elf.a(fixsfsi.XX_o)
 .debug_info      0x0098a0         0x8f c:/program files/microchip/xc16/v2.00/bin/bin/../../lib\libc99-pic30-elf.a(floatsisf.XX_o)
 .debug_info      0x00992f         0x8d c:/program files/microchip/xc16/v2.00/bin/bin/../../lib\libc99-pic30-elf.a(funpack.XX_o)
 .debug_info      0x0099bc         0x8d c:/program files/microchip/xc16/v2.00/bin/bin/../../lib\libc99-pic30-elf.a(udivsi3.XX_o)
 .debug_info      0x009a49         0x9d c:/program files/microchip/xc16/v2.00/bin/bin/../../lib\libc99-pic30-elf.a(addsf3x.XX_o)
 .debug_info      0x009ae6         0x9d c:/program files/microchip/xc16/v2.00/bin/bin/../../lib\libc99-pic30-elf.a(mulsf3x.XX_o)
 .debug_info      0x009b83         0xa0 c:/program files/microchip/xc16/v2.00/bin/bin/../../lib\libc99-pic30-elf.a(dnrmpackfx.XX_o)
 .debug_info      0x009c23         0xa2 c:/program files/microchip/xc16/v2.00/bin/bin/../../lib\libc99-pic30-elf.a(unpackdnrmfx.XX_o)
 .debug_info      0x009cc5         0x9c c:/program files/microchip/xc16/v2.00/bin/bin/../../lib\libc99-pic30-elf.a(typefx.XX_o)
 .debug_info      0x009d61         0x9f c:/program files/microchip/xc16/v2.00/bin/bin/../../lib\libc99-pic30-elf.a(propnanfx.XX_o)
 .debug_info      0x009e00         0x8f c:/program files/microchip/xc16/v2.00/bin/bin/../../lib\libc99-pic30-elf.a(floatdisf.XX_o)
 .debug_info      0x009e8f         0x91 c:/program files/microchip/xc16/v2.00/bin/bin/../../lib\libc99-pic30-elf.a(floatundisf.XX_o)
 .debug_info      0x009f20         0x8b c:/program files/microchip/xc16/v2.00/bin/bin/../../lib\libc99-pic30-elf.a(fpack.XX_o)
 .debug_info      0x009fab         0x8d c:/program files/microchip/xc16/v2.00/bin/bin/../../lib\libc99-pic30-elf.a(deqltle.XX_o)
 .debug_info      0x00a038         0x90 c:/program files/microchip/xc16/v2.00/bin/bin/../../lib\libc99-pic30-elf.a(extendsfdf.XX_o)
 .debug_info      0x00a0c8         0x8d c:/program files/microchip/xc16/v2.00/bin/bin/../../lib\libc99-pic30-elf.a(feqltle.XX_o)
 .debug_info      0x00a155         0x8b c:/program files/microchip/xc16/v2.00/bin/bin/../../lib\libc99-pic30-elf.a(fgtge.XX_o)
 .debug_info      0x00a1e0         0x8d c:/program files/microchip/xc16/v2.00/bin/bin/../../lib\libc99-pic30-elf.a(fixdfsi.XX_o)
 .debug_info      0x00a26d         0x8c c:/program files/microchip/xc16/v2.00/bin/bin/../../lib\libc99-pic30-elf.a(mulsi3.XX_o)
 .debug_info      0x00a2f9         0xa9 c:/program files/microchip/xc16/v2.00/bin/bin/../../lib\libc99-pic30-elf.a(dpadd.XX_o)
 .debug_info      0x00a3a2         0xa9 c:/program files/microchip/xc16/v2.00/bin/bin/../../lib\libc99-pic30-elf.a(dpdiv.XX_o)
 .debug_info      0x00a44b         0xa9 c:/program files/microchip/xc16/v2.00/bin/bin/../../lib\libc99-pic30-elf.a(dpmul.XX_o)
 .debug_info      0x00a4f4         0xaa c:/program files/microchip/xc16/v2.00/bin/bin/../../lib\libc99-pic30-elf.a(dpsubs.XX_o)
 .debug_info      0x00a59e         0x8e c:/program files/microchip/xc16/v2.00/bin/bin/../../lib\libc99-pic30-elf.a(dcompare.XX_o)
 .debug_info      0x00a62c         0x8b c:/program files/microchip/xc16/v2.00/bin/bin/../../lib\libc99-pic30-elf.a(dtype.XX_o)
 .debug_info      0x00a6b7         0x8d c:/program files/microchip/xc16/v2.00/bin/bin/../../lib\libc99-pic30-elf.a(dunpack.XX_o)
 .debug_info      0x00a744         0x8e c:/program files/microchip/xc16/v2.00/bin/bin/../../lib\libc99-pic30-elf.a(dunpack2.XX_o)
 .debug_info      0x00a7d2         0x8e c:/program files/microchip/xc16/v2.00/bin/bin/../../lib\libc99-pic30-elf.a(fcompare.XX_o)
 .debug_info      0x00a860         0x8e c:/program files/microchip/xc16/v2.00/bin/bin/../../lib\libc99-pic30-elf.a(funpack2.XX_o)
 .debug_info      0x00a8ee         0x93 c:/program files/microchip/xc16/v2.00/bin/bin/../../lib\libc99-pic30-elf.a(dpropagateNaN.XX_o)
 .debug_info      0x00a981         0x8b c:/program files/microchip/xc16/v2.00/bin/bin/../../lib\libc99-pic30-elf.a(dgtge.XX_o)
 *(.gnu.linkonce.wi.*)

.debug_abbrev     0x000000       0x18db
 *(.debug_abbrev)
 .debug_abbrev    0x000000         0xf9 build/default/production/_ext/2116421387/fonts.o
 .debug_abbrev    0x0000f9         0x56 build/default/production/_ext/2116421387/m12_20_L1.o
 .debug_abbrev    0x00014f         0x56 build/default/production/_ext/2116421387/BebasNeue-Regular_12_L1.o
 .debug_abbrev    0x0001a5         0x56 build/default/production/_ext/2116421387/Antonio-Regular_16_L1.o
 .debug_abbrev    0x0001fb         0x56 build/default/production/_ext/2116421387/BebasNeue-Bold_16_L1.o
 .debug_abbrev    0x000251         0x56 build/default/production/_ext/2116421387/m12_16_L1.o
 .debug_abbrev    0x0002a7         0xd9 build/default/production/_ext/455377414/draw.o
 .debug_abbrev    0x000380         0x49 build/default/production/_ext/1100913241/HelloWorld_100x100_L1.o
 .debug_abbrev    0x0003c9         0x49 build/default/production/_ext/1100913241/blank_screens_100x100.o
 .debug_abbrev    0x000412         0x49 build/default/production/_ext/1100913241/Pepsi_100x100_L1.o
 .debug_abbrev    0x00045b         0x52 build/default/production/_ext/1100913241/flame_animation1_100x500_L1.o
 .debug_abbrev    0x0004ad         0x49 build/default/production/_ext/1100913241/artstrade_100x100_mono_100x100_L1.o
 .debug_abbrev    0x0004f6         0x49 build/default/production/_ext/1100913241/triden_100x100_L1.o
 .debug_abbrev    0x00053f         0x49 build/default/production/_ext/1100913241/clock1_100x100_L1.o
 .debug_abbrev    0x000588         0xb4 build/default/production/_ext/1037427530/peripherals_map.o
 .debug_abbrev    0x00063c        0x13e build/default/production/_ext/1037427530/peripherals_HAL.o
 .debug_abbrev    0x00077a        0x19e build/default/production/_ext/1037427530/uart_HAL.o
 .debug_abbrev    0x000918        0x104 build/default/production/_ext/1037427530/spi_HAL.o
 .debug_abbrev    0x000a1c        0x16d build/default/production/_ext/1037427530/rtcc.o
 .debug_abbrev    0x000b89         0x64 build/default/production/_ext/1037427530/log_HAL.o
 .debug_abbrev    0x000bed        0x12b build/default/production/_ext/245878840/screens.o
 .debug_abbrev    0x000d18         0xed build/default/production/_ext/245878840/screen_flame_clock.o
 .debug_abbrev    0x000e05        0x11d build/default/production/_ext/245878840/screen_analog_clock.o
 .debug_abbrev    0x000f22        0x1cb build/default/production/_ext/1472/interrupts.o
 .debug_abbrev    0x0010ed         0xc1 build/default/production/_ext/1472/main_fclock.o
 .debug_abbrev    0x0011ae         0x67 build/default/production/_ext/1472/delays.o
 .debug_abbrev    0x001215         0xf1 build/default/production/_ext/1472/debugging.o
 .debug_abbrev    0x001306         0xe4 build/default/production/_ext/1472/clock_task.o
 .debug_abbrev    0x0013ea        0x10b build/default/production/_ext/1472/display_utils.o
 .debug_abbrev    0x0014f5         0x8d build/default/production/_ext/1472/log.o
 .debug_abbrev    0x001582         0xbb build/default/production/_ext/1472/adjusting.o
 .debug_abbrev    0x00163d         0x32 build/default/production/_ext/1472/sound.o
 .debug_abbrev    0x00166f         0x14 c:/program files/microchip/xc16/v2.00/bin/bin/../../lib\libc99-pic30-elf.a(fixsfsi.XX_o)
 .debug_abbrev    0x001683         0x14 c:/program files/microchip/xc16/v2.00/bin/bin/../../lib\libc99-pic30-elf.a(floatsisf.XX_o)
 .debug_abbrev    0x001697         0x14 c:/program files/microchip/xc16/v2.00/bin/bin/../../lib\libc99-pic30-elf.a(funpack.XX_o)
 .debug_abbrev    0x0016ab         0x14 c:/program files/microchip/xc16/v2.00/bin/bin/../../lib\libc99-pic30-elf.a(udivsi3.XX_o)
 .debug_abbrev    0x0016bf         0x14 c:/program files/microchip/xc16/v2.00/bin/bin/../../lib\libc99-pic30-elf.a(addsf3x.XX_o)
 .debug_abbrev    0x0016d3         0x14 c:/program files/microchip/xc16/v2.00/bin/bin/../../lib\libc99-pic30-elf.a(mulsf3x.XX_o)
 .debug_abbrev    0x0016e7         0x14 c:/program files/microchip/xc16/v2.00/bin/bin/../../lib\libc99-pic30-elf.a(dnrmpackfx.XX_o)
 .debug_abbrev    0x0016fb         0x14 c:/program files/microchip/xc16/v2.00/bin/bin/../../lib\libc99-pic30-elf.a(unpackdnrmfx.XX_o)
 .debug_abbrev    0x00170f         0x14 c:/program files/microchip/xc16/v2.00/bin/bin/../../lib\libc99-pic30-elf.a(typefx.XX_o)
 .debug_abbrev    0x001723         0x14 c:/program files/microchip/xc16/v2.00/bin/bin/../../lib\libc99-pic30-elf.a(propnanfx.XX_o)
 .debug_abbrev    0x001737         0x14 c:/program files/microchip/xc16/v2.00/bin/bin/../../lib\libc99-pic30-elf.a(floatdisf.XX_o)
 .debug_abbrev    0x00174b         0x14 c:/program files/microchip/xc16/v2.00/bin/bin/../../lib\libc99-pic30-elf.a(floatundisf.XX_o)
 .debug_abbrev    0x00175f         0x14 c:/program files/microchip/xc16/v2.00/bin/bin/../../lib\libc99-pic30-elf.a(fpack.XX_o)
 .debug_abbrev    0x001773         0x14 c:/program files/microchip/xc16/v2.00/bin/bin/../../lib\libc99-pic30-elf.a(deqltle.XX_o)
 .debug_abbrev    0x001787         0x14 c:/program files/microchip/xc16/v2.00/bin/bin/../../lib\libc99-pic30-elf.a(extendsfdf.XX_o)
 .debug_abbrev    0x00179b         0x14 c:/program files/microchip/xc16/v2.00/bin/bin/../../lib\libc99-pic30-elf.a(feqltle.XX_o)
 .debug_abbrev    0x0017af         0x14 c:/program files/microchip/xc16/v2.00/bin/bin/../../lib\libc99-pic30-elf.a(fgtge.XX_o)
 .debug_abbrev    0x0017c3         0x14 c:/program files/microchip/xc16/v2.00/bin/bin/../../lib\libc99-pic30-elf.a(fixdfsi.XX_o)
 .debug_abbrev    0x0017d7         0x14 c:/program files/microchip/xc16/v2.00/bin/bin/../../lib\libc99-pic30-elf.a(mulsi3.XX_o)
 .debug_abbrev    0x0017eb         0x14 c:/program files/microchip/xc16/v2.00/bin/bin/../../lib\libc99-pic30-elf.a(dpadd.XX_o)
 .debug_abbrev    0x0017ff         0x14 c:/program files/microchip/xc16/v2.00/bin/bin/../../lib\libc99-pic30-elf.a(dpdiv.XX_o)
 .debug_abbrev    0x001813         0x14 c:/program files/microchip/xc16/v2.00/bin/bin/../../lib\libc99-pic30-elf.a(dpmul.XX_o)
 .debug_abbrev    0x001827         0x14 c:/program files/microchip/xc16/v2.00/bin/bin/../../lib\libc99-pic30-elf.a(dpsubs.XX_o)
 .debug_abbrev    0x00183b         0x14 c:/program files/microchip/xc16/v2.00/bin/bin/../../lib\libc99-pic30-elf.a(dcompare.XX_o)
 .debug_abbrev    0x00184f         0x14 c:/program files/microchip/xc16/v2.00/bin/bin/../../lib\libc99-pic30-elf.a(dtype.XX_o)
 .debug_abbrev    0x001863         0x14 c:/program files/microchip/xc16/v2.00/bin/bin/../../lib\libc99-pic30-elf.a(dunpack.XX_o)
 .debug_abbrev    0x001877         0x14 c:/program files/microchip/xc16/v2.00/bin/bin/../../lib\libc99-pic30-elf.a(dunpack2.XX_o)
 .debug_abbrev    0x00188b         0x14 c:/program files/microchip/xc16/v2.00/bin/bin/../../lib\libc99-pic30-elf.a(fcompare.XX_o)
 .debug_abbrev    0x00189f         0x14 c:/program files/microchip/xc16/v2.00/bin/bin/../../lib\libc99-pic30-elf.a(funpack2.XX_o)
 .debug_abbrev    0x0018b3         0x14 c:/program files/microchip/xc16/v2.00/bin/bin/../../lib\libc99-pic30-elf.a(dpropagateNaN.XX_o)
 .debug_abbrev    0x0018c7         0x14 c:/program files/microchip/xc16/v2.00/bin/bin/../../lib\libc99-pic30-elf.a(dgtge.XX_o)

.debug_line       0x000000       0x2792
 *(.debug_line)
 .debug_line      0x000000         0xcb build/default/production/_ext/2116421387/fonts.o
 .debug_line      0x0000cb         0x81 build/default/production/_ext/2116421387/m12_20_L1.o
 .debug_line      0x00014c         0x8f build/default/production/_ext/2116421387/BebasNeue-Regular_12_L1.o
 .debug_line      0x0001db         0x8d build/default/production/_ext/2116421387/Antonio-Regular_16_L1.o
 .debug_line      0x000268         0x8c build/default/production/_ext/2116421387/BebasNeue-Bold_16_L1.o
 .debug_line      0x0002f4         0x81 build/default/production/_ext/2116421387/m12_16_L1.o
 .debug_line      0x000375        0x127 build/default/production/_ext/455377414/draw.o
 .debug_line      0x00049c         0x3f build/default/production/_ext/1100913241/HelloWorld_100x100_L1.o
 .debug_line      0x0004db         0x3f build/default/production/_ext/1100913241/blank_screens_100x100.o
 .debug_line      0x00051a         0x3a build/default/production/_ext/1100913241/Pepsi_100x100_L1.o
 .debug_line      0x000554         0x45 build/default/production/_ext/1100913241/flame_animation1_100x500_L1.o
 .debug_line      0x000599         0x4b build/default/production/_ext/1100913241/artstrade_100x100_mono_100x100_L1.o
 .debug_line      0x0005e4         0x3b build/default/production/_ext/1100913241/triden_100x100_L1.o
 .debug_line      0x00061f         0x3b build/default/production/_ext/1100913241/clock1_100x100_L1.o
 .debug_line      0x00065a        0x123 build/default/production/_ext/1037427530/peripherals_map.o
 .debug_line      0x00077d        0x180 build/default/production/_ext/1037427530/peripherals_HAL.o
 .debug_line      0x0008fd        0x1d8 build/default/production/_ext/1037427530/uart_HAL.o
 .debug_line      0x000ad5        0x121 build/default/production/_ext/1037427530/spi_HAL.o
 .debug_line      0x000bf6        0x1fa build/default/production/_ext/1037427530/rtcc.o
 .debug_line      0x000df0         0x94 build/default/production/_ext/1037427530/log_HAL.o
 .debug_line      0x000e84         0xd9 build/default/production/_ext/245878840/screens.o
 .debug_line      0x000f5d        0x104 build/default/production/_ext/245878840/screen_flame_clock.o
 .debug_line      0x001061        0x11f build/default/production/_ext/245878840/screen_analog_clock.o
 .debug_line      0x001180        0x1b0 build/default/production/_ext/1472/interrupts.o
 .debug_line      0x001330        0x114 build/default/production/_ext/1472/main_fclock.o
 .debug_line      0x001444         0x91 build/default/production/_ext/1472/delays.o
 .debug_line      0x0014d5        0x109 build/default/production/_ext/1472/debugging.o
 .debug_line      0x0015de        0x135 build/default/production/_ext/1472/clock_task.o
 .debug_line      0x001713        0x13f build/default/production/_ext/1472/display_utils.o
 .debug_line      0x001852         0x8f build/default/production/_ext/1472/log.o
 .debug_line      0x0018e1        0x14a build/default/production/_ext/1472/adjusting.o
 .debug_line      0x001a2b         0x37 build/default/production/_ext/1472/sound.o
 .debug_line      0x001a62         0x56 c:/program files/microchip/xc16/v2.00/bin/bin/../../lib\libc99-pic30-elf.a(fixsfsi.XX_o)
 .debug_line      0x001ab8         0x3a c:/program files/microchip/xc16/v2.00/bin/bin/../../lib\libc99-pic30-elf.a(floatsisf.XX_o)
 .debug_line      0x001af2         0x4a c:/program files/microchip/xc16/v2.00/bin/bin/../../lib\libc99-pic30-elf.a(funpack.XX_o)
 .debug_line      0x001b3c         0x45 c:/program files/microchip/xc16/v2.00/bin/bin/../../lib\libc99-pic30-elf.a(udivsi3.XX_o)
 .debug_line      0x001b81        0x136 c:/program files/microchip/xc16/v2.00/bin/bin/../../lib\libc99-pic30-elf.a(addsf3x.XX_o)
 .debug_line      0x001cb7         0xcc c:/program files/microchip/xc16/v2.00/bin/bin/../../lib\libc99-pic30-elf.a(mulsf3x.XX_o)
 .debug_line      0x001d83         0x72 c:/program files/microchip/xc16/v2.00/bin/bin/../../lib\libc99-pic30-elf.a(dnrmpackfx.XX_o)
 .debug_line      0x001df5         0x7a c:/program files/microchip/xc16/v2.00/bin/bin/../../lib\libc99-pic30-elf.a(unpackdnrmfx.XX_o)
 .debug_line      0x001e6f         0x5e c:/program files/microchip/xc16/v2.00/bin/bin/../../lib\libc99-pic30-elf.a(typefx.XX_o)
 .debug_line      0x001ecd         0x51 c:/program files/microchip/xc16/v2.00/bin/bin/../../lib\libc99-pic30-elf.a(propnanfx.XX_o)
 .debug_line      0x001f1e         0x47 c:/program files/microchip/xc16/v2.00/bin/bin/../../lib\libc99-pic30-elf.a(floatdisf.XX_o)
 .debug_line      0x001f65         0x6c c:/program files/microchip/xc16/v2.00/bin/bin/../../lib\libc99-pic30-elf.a(floatundisf.XX_o)
 .debug_line      0x001fd1         0x5a c:/program files/microchip/xc16/v2.00/bin/bin/../../lib\libc99-pic30-elf.a(fpack.XX_o)
 .debug_line      0x00202b         0x3a c:/program files/microchip/xc16/v2.00/bin/bin/../../lib\libc99-pic30-elf.a(deqltle.XX_o)
 .debug_line      0x002065         0x59 c:/program files/microchip/xc16/v2.00/bin/bin/../../lib\libc99-pic30-elf.a(extendsfdf.XX_o)
 .debug_line      0x0020be         0x37 c:/program files/microchip/xc16/v2.00/bin/bin/../../lib\libc99-pic30-elf.a(feqltle.XX_o)
 .debug_line      0x0020f5         0x35 c:/program files/microchip/xc16/v2.00/bin/bin/../../lib\libc99-pic30-elf.a(fgtge.XX_o)
 .debug_line      0x00212a         0x61 c:/program files/microchip/xc16/v2.00/bin/bin/../../lib\libc99-pic30-elf.a(fixdfsi.XX_o)
 .debug_line      0x00218b         0x3a c:/program files/microchip/xc16/v2.00/bin/bin/../../lib\libc99-pic30-elf.a(mulsi3.XX_o)
 .debug_line      0x0021c5         0xa2 c:/program files/microchip/xc16/v2.00/bin/bin/../../lib\libc99-pic30-elf.a(dpadd.XX_o)
 .debug_line      0x002267        0x100 c:/program files/microchip/xc16/v2.00/bin/bin/../../lib\libc99-pic30-elf.a(dpdiv.XX_o)
 .debug_line      0x002367         0xde c:/program files/microchip/xc16/v2.00/bin/bin/../../lib\libc99-pic30-elf.a(dpmul.XX_o)
 .debug_line      0x002445         0xe8 c:/program files/microchip/xc16/v2.00/bin/bin/../../lib\libc99-pic30-elf.a(dpsubs.XX_o)
 .debug_line      0x00252d         0x5f c:/program files/microchip/xc16/v2.00/bin/bin/../../lib\libc99-pic30-elf.a(dcompare.XX_o)
 .debug_line      0x00258c         0x45 c:/program files/microchip/xc16/v2.00/bin/bin/../../lib\libc99-pic30-elf.a(dtype.XX_o)
 .debug_line      0x0025d1         0x5c c:/program files/microchip/xc16/v2.00/bin/bin/../../lib\libc99-pic30-elf.a(dunpack.XX_o)
 .debug_line      0x00262d         0x53 c:/program files/microchip/xc16/v2.00/bin/bin/../../lib\libc99-pic30-elf.a(dunpack2.XX_o)
 .debug_line      0x002680         0x53 c:/program files/microchip/xc16/v2.00/bin/bin/../../lib\libc99-pic30-elf.a(fcompare.XX_o)
 .debug_line      0x0026d3         0x3e c:/program files/microchip/xc16/v2.00/bin/bin/../../lib\libc99-pic30-elf.a(funpack2.XX_o)
 .debug_line      0x002711         0x49 c:/program files/microchip/xc16/v2.00/bin/bin/../../lib\libc99-pic30-elf.a(dpropagateNaN.XX_o)
 .debug_line      0x00275a         0x38 c:/program files/microchip/xc16/v2.00/bin/bin/../../lib\libc99-pic30-elf.a(dgtge.XX_o)

.debug_frame      0x000000        0xb52
 *(.debug_frame)
 .debug_frame     0x000000         0x7c build/default/production/_ext/2116421387/fonts.o
 .debug_frame     0x00007c         0xa0 build/default/production/_ext/455377414/draw.o
 .debug_frame     0x00011c         0x2e build/default/production/_ext/1037427530/peripherals_map.o
 .debug_frame     0x00014a        0x166 build/default/production/_ext/1037427530/peripherals_HAL.o
 .debug_frame     0x0002b0         0xb0 build/default/production/_ext/1037427530/uart_HAL.o
 .debug_frame     0x000360         0x7c build/default/production/_ext/1037427530/spi_HAL.o
 .debug_frame     0x0003dc         0xb8 build/default/production/_ext/1037427530/rtcc.o
 .debug_frame     0x000494         0x2e build/default/production/_ext/1037427530/log_HAL.o
 .debug_frame     0x0004c2         0x7c build/default/production/_ext/245878840/screens.o
 .debug_frame     0x00053e         0x7a build/default/production/_ext/245878840/screen_flame_clock.o
 .debug_frame     0x0005b8         0x62 build/default/production/_ext/245878840/screen_analog_clock.o
 .debug_frame     0x00061a        0x1ae build/default/production/_ext/1472/interrupts.o
 .debug_frame     0x0007c8         0x64 build/default/production/_ext/1472/main_fclock.o
 .debug_frame     0x00082c         0x48 build/default/production/_ext/1472/delays.o
 .debug_frame     0x000874         0x50 build/default/production/_ext/1472/debugging.o
 .debug_frame     0x0008c4         0xb0 build/default/production/_ext/1472/clock_task.o
 .debug_frame     0x000974         0xfe build/default/production/_ext/1472/display_utils.o
 .debug_frame     0x000a72         0x62 build/default/production/_ext/1472/log.o
 .debug_frame     0x000ad4         0x50 build/default/production/_ext/1472/adjusting.o
 .debug_frame     0x000b24         0x2e build/default/production/_ext/1472/sound.o

.debug_str        0x000000        0x377
 *(.debug_str)
 .debug_str       0x000000         0x56 build/default/production/_ext/2116421387/fonts.o
 .debug_str       0x000056          0xd build/default/production/_ext/455377414/draw.o
 .debug_str       0x000063         0x37 build/default/production/_ext/1037427530/peripherals_map.o
 .debug_str       0x00009a         0x39 build/default/production/_ext/1037427530/peripherals_HAL.o
 .debug_str       0x0000d3        0x137 build/default/production/_ext/1037427530/uart_HAL.o
 .debug_str       0x00020a         0x1f build/default/production/_ext/1037427530/spi_HAL.o
 .debug_str       0x000229         0x12 build/default/production/_ext/1037427530/rtcc.o
 .debug_str       0x00023b         0x38 build/default/production/_ext/245878840/screens.o
 .debug_str       0x000273         0x31 build/default/production/_ext/245878840/screen_analog_clock.o
 .debug_str       0x0002a4         0x53 build/default/production/_ext/1472/interrupts.o
 .debug_str       0x0002f7          0xb build/default/production/_ext/1472/main_fclock.o
 .debug_str       0x000302         0x27 build/default/production/_ext/1472/debugging.o
 .debug_str       0x000329         0x3a build/default/production/_ext/1472/display_utils.o
 .debug_str       0x000363         0x14 build/default/production/_ext/1472/adjusting.o

.debug_loc
 *(.debug_loc)

.debug_macinfo
 *(.debug_macinfo)

.debug_pubnames
                  0x000000        0xba2
 *(.debug_pubnames)
 .debug_pubnames
                  0x000000         0x78 build/default/production/_ext/2116421387/fonts.o
 .debug_pubnames
                  0x000078         0x20 build/default/production/_ext/2116421387/m12_20_L1.o
 .debug_pubnames
                  0x000098         0x2d build/default/production/_ext/2116421387/BebasNeue-Regular_12_L1.o
 .debug_pubnames
                  0x0000c5         0x2c build/default/production/_ext/2116421387/Antonio-Regular_16_L1.o
 .debug_pubnames
                  0x0000f1         0x2b build/default/production/_ext/2116421387/BebasNeue-Bold_16_L1.o
 .debug_pubnames
                  0x00011c         0x20 build/default/production/_ext/2116421387/m12_16_L1.o
 .debug_pubnames
                  0x00013c         0x6d build/default/production/_ext/455377414/draw.o
 .debug_pubnames
                  0x0001a9         0x21 build/default/production/_ext/1100913241/HelloWorld_100x100_L1.o
 .debug_pubnames
                  0x0001ca         0x34 build/default/production/_ext/1100913241/blank_screens_100x100.o
 .debug_pubnames
                  0x0001fe         0x1c build/default/production/_ext/1100913241/Pepsi_100x100_L1.o
 .debug_pubnames
                  0x00021a         0x25 build/default/production/_ext/1100913241/flame_animation1_100x500_L1.o
 .debug_pubnames
                  0x00023f         0x21 build/default/production/_ext/1100913241/artstrade_100x100_mono_100x100_L1.o
 .debug_pubnames
                  0x000260         0x1d build/default/production/_ext/1100913241/triden_100x100_L1.o
 .debug_pubnames
                  0x00027d         0x22 build/default/production/_ext/1100913241/clock1_100x100_L1.o
 .debug_pubnames
                  0x00029f         0x35 build/default/production/_ext/1037427530/peripherals_map.o
 .debug_pubnames
                  0x0002d4        0x17d build/default/production/_ext/1037427530/peripherals_HAL.o
 .debug_pubnames
                  0x000451         0xc5 build/default/production/_ext/1037427530/uart_HAL.o
 .debug_pubnames
                  0x000516         0x64 build/default/production/_ext/1037427530/spi_HAL.o
 .debug_pubnames
                  0x00057a         0x5c build/default/production/_ext/1037427530/rtcc.o
 .debug_pubnames
                  0x0005d6         0x27 build/default/production/_ext/1037427530/log_HAL.o
 .debug_pubnames
                  0x0005fd         0xcf build/default/production/_ext/245878840/screens.o
 .debug_pubnames
                  0x0006cc         0x51 build/default/production/_ext/245878840/screen_flame_clock.o
 .debug_pubnames
                  0x00071d         0xbf build/default/production/_ext/245878840/screen_analog_clock.o
 .debug_pubnames
                  0x0007dc         0xfe build/default/production/_ext/1472/interrupts.o
 .debug_pubnames
                  0x0008da         0x2f build/default/production/_ext/1472/main_fclock.o
 .debug_pubnames
                  0x000909         0x2b build/default/production/_ext/1472/delays.o
 .debug_pubnames
                  0x000934         0x42 build/default/production/_ext/1472/debugging.o
 .debug_pubnames
                  0x000976         0x7f build/default/production/_ext/1472/clock_task.o
 .debug_pubnames
                  0x0009f5         0xf7 build/default/production/_ext/1472/display_utils.o
 .debug_pubnames
                  0x000aec         0x3f build/default/production/_ext/1472/log.o
 .debug_pubnames
                  0x000b2b         0x52 build/default/production/_ext/1472/adjusting.o
 .debug_pubnames
                  0x000b7d         0x25 build/default/production/_ext/1472/sound.o

.debug_ranges
 *(.debug_ranges)

.debug_aranges    0x000000        0x4c8
 *(.debug_aranges)
 .debug_aranges
                  0x000000         0x18 build/default/production/_ext/2116421387/fonts.o
 .debug_aranges
                  0x000018         0x18 build/default/production/_ext/455377414/draw.o
 .debug_aranges
                  0x000030         0x18 build/default/production/_ext/1037427530/peripherals_map.o
 .debug_aranges
                  0x000048         0x18 build/default/production/_ext/1037427530/peripherals_HAL.o
 .debug_aranges
                  0x000060         0x18 build/default/production/_ext/1037427530/uart_HAL.o
 .debug_aranges
                  0x000078         0x18 build/default/production/_ext/1037427530/spi_HAL.o
 .debug_aranges
                  0x000090         0x18 build/default/production/_ext/1037427530/rtcc.o
 .debug_aranges
                  0x0000a8         0x18 build/default/production/_ext/1037427530/log_HAL.o
 .debug_aranges
                  0x0000c0         0x18 build/default/production/_ext/245878840/screens.o
 .debug_aranges
                  0x0000d8         0x18 build/default/production/_ext/245878840/screen_flame_clock.o
 .debug_aranges
                  0x0000f0         0x18 build/default/production/_ext/245878840/screen_analog_clock.o
 .debug_aranges
                  0x000108         0x18 build/default/production/_ext/1472/interrupts.o
 .debug_aranges
                  0x000120         0x18 build/default/production/_ext/1472/main_fclock.o
 .debug_aranges
                  0x000138         0x18 build/default/production/_ext/1472/delays.o
 .debug_aranges
                  0x000150         0x18 build/default/production/_ext/1472/debugging.o
 .debug_aranges
                  0x000168         0x18 build/default/production/_ext/1472/clock_task.o
 .debug_aranges
                  0x000180         0x18 build/default/production/_ext/1472/display_utils.o
 .debug_aranges
                  0x000198         0x18 build/default/production/_ext/1472/log.o
 .debug_aranges
                  0x0001b0         0x18 build/default/production/_ext/1472/adjusting.o
 .debug_aranges
                  0x0001c8         0x18 build/default/production/_ext/1472/sound.o
 .debug_aranges
                  0x0001e0         0x18 c:/program files/microchip/xc16/v2.00/bin/bin/../../lib\libc99-pic30-elf.a(fixsfsi.XX_o)
 .debug_aranges
                  0x0001f8         0x18 c:/program files/microchip/xc16/v2.00/bin/bin/../../lib\libc99-pic30-elf.a(floatsisf.XX_o)
 .debug_aranges
                  0x000210         0x18 c:/program files/microchip/xc16/v2.00/bin/bin/../../lib\libc99-pic30-elf.a(funpack.XX_o)
 .debug_aranges
                  0x000228         0x18 c:/program files/microchip/xc16/v2.00/bin/bin/../../lib\libc99-pic30-elf.a(udivsi3.XX_o)
 .debug_aranges
                  0x000240         0x18 c:/program files/microchip/xc16/v2.00/bin/bin/../../lib\libc99-pic30-elf.a(addsf3x.XX_o)
 .debug_aranges
                  0x000258         0x18 c:/program files/microchip/xc16/v2.00/bin/bin/../../lib\libc99-pic30-elf.a(mulsf3x.XX_o)
 .debug_aranges
                  0x000270         0x18 c:/program files/microchip/xc16/v2.00/bin/bin/../../lib\libc99-pic30-elf.a(dnrmpackfx.XX_o)
 .debug_aranges
                  0x000288         0x18 c:/program files/microchip/xc16/v2.00/bin/bin/../../lib\libc99-pic30-elf.a(unpackdnrmfx.XX_o)
 .debug_aranges
                  0x0002a0         0x18 c:/program files/microchip/xc16/v2.00/bin/bin/../../lib\libc99-pic30-elf.a(typefx.XX_o)
 .debug_aranges
                  0x0002b8         0x18 c:/program files/microchip/xc16/v2.00/bin/bin/../../lib\libc99-pic30-elf.a(propnanfx.XX_o)
 .debug_aranges
                  0x0002d0         0x18 c:/program files/microchip/xc16/v2.00/bin/bin/../../lib\libc99-pic30-elf.a(floatdisf.XX_o)
 .debug_aranges
                  0x0002e8         0x18 c:/program files/microchip/xc16/v2.00/bin/bin/../../lib\libc99-pic30-elf.a(floatundisf.XX_o)
 .debug_aranges
                  0x000300         0x18 c:/program files/microchip/xc16/v2.00/bin/bin/../../lib\libc99-pic30-elf.a(fpack.XX_o)
 .debug_aranges
                  0x000318         0x18 c:/program files/microchip/xc16/v2.00/bin/bin/../../lib\libc99-pic30-elf.a(deqltle.XX_o)
 .debug_aranges
                  0x000330         0x18 c:/program files/microchip/xc16/v2.00/bin/bin/../../lib\libc99-pic30-elf.a(extendsfdf.XX_o)
 .debug_aranges
                  0x000348         0x18 c:/program files/microchip/xc16/v2.00/bin/bin/../../lib\libc99-pic30-elf.a(feqltle.XX_o)
 .debug_aranges
                  0x000360         0x18 c:/program files/microchip/xc16/v2.00/bin/bin/../../lib\libc99-pic30-elf.a(fgtge.XX_o)
 .debug_aranges
                  0x000378         0x18 c:/program files/microchip/xc16/v2.00/bin/bin/../../lib\libc99-pic30-elf.a(fixdfsi.XX_o)
 .debug_aranges
                  0x000390         0x18 c:/program files/microchip/xc16/v2.00/bin/bin/../../lib\libc99-pic30-elf.a(mulsi3.XX_o)
 .debug_aranges
                  0x0003a8         0x18 c:/program files/microchip/xc16/v2.00/bin/bin/../../lib\libc99-pic30-elf.a(dpadd.XX_o)
 .debug_aranges
                  0x0003c0         0x18 c:/program files/microchip/xc16/v2.00/bin/bin/../../lib\libc99-pic30-elf.a(dpdiv.XX_o)
 .debug_aranges
                  0x0003d8         0x18 c:/program files/microchip/xc16/v2.00/bin/bin/../../lib\libc99-pic30-elf.a(dpmul.XX_o)
 .debug_aranges
                  0x0003f0         0x18 c:/program files/microchip/xc16/v2.00/bin/bin/../../lib\libc99-pic30-elf.a(dpsubs.XX_o)
 .debug_aranges
                  0x000408         0x18 c:/program files/microchip/xc16/v2.00/bin/bin/../../lib\libc99-pic30-elf.a(dcompare.XX_o)
 .debug_aranges
                  0x000420         0x18 c:/program files/microchip/xc16/v2.00/bin/bin/../../lib\libc99-pic30-elf.a(dtype.XX_o)
 .debug_aranges
                  0x000438         0x18 c:/program files/microchip/xc16/v2.00/bin/bin/../../lib\libc99-pic30-elf.a(dunpack.XX_o)
 .debug_aranges
                  0x000450         0x18 c:/program files/microchip/xc16/v2.00/bin/bin/../../lib\libc99-pic30-elf.a(dunpack2.XX_o)
 .debug_aranges
                  0x000468         0x18 c:/program files/microchip/xc16/v2.00/bin/bin/../../lib\libc99-pic30-elf.a(fcompare.XX_o)
 .debug_aranges
                  0x000480         0x18 c:/program files/microchip/xc16/v2.00/bin/bin/../../lib\libc99-pic30-elf.a(funpack2.XX_o)
 .debug_aranges
                  0x000498         0x18 c:/program files/microchip/xc16/v2.00/bin/bin/../../lib\libc99-pic30-elf.a(dpropagateNaN.XX_o)
 .debug_aranges
                  0x0004b0         0x18 c:/program files/microchip/xc16/v2.00/bin/bin/../../lib\libc99-pic30-elf.a(dgtge.XX_o)
                    0x0000                  WREG0 = 0x0
                    0x0000                  _WREG0 = 0x0
                    0x0002                  WREG1 = 0x2
                    0x0002                  _WREG1 = 0x2
                    0x0004                  WREG2 = 0x4
                    0x0004                  _WREG2 = 0x4
                    0x0006                  WREG3 = 0x6
                    0x0006                  _WREG3 = 0x6
                    0x0008                  WREG4 = 0x8
                    0x0008                  _WREG4 = 0x8
                    0x000a                  WREG5 = 0xa
                    0x000a                  _WREG5 = 0xa
                    0x000c                  WREG6 = 0xc
                    0x000c                  _WREG6 = 0xc
                    0x000e                  WREG7 = 0xe
                    0x000e                  _WREG7 = 0xe
                    0x0010                  WREG8 = 0x10
                    0x0010                  _WREG8 = 0x10
                    0x0012                  WREG9 = 0x12
                    0x0012                  _WREG9 = 0x12
                    0x0014                  WREG10 = 0x14
                    0x0014                  _WREG10 = 0x14
                    0x0016                  WREG11 = 0x16
                    0x0016                  _WREG11 = 0x16
                    0x0018                  WREG12 = 0x18
                    0x0018                  _WREG12 = 0x18
                    0x001a                  WREG13 = 0x1a
                    0x001a                  _WREG13 = 0x1a
                    0x001c                  WREG14 = 0x1c
                    0x001c                  _WREG14 = 0x1c
                    0x001e                  WREG15 = 0x1e
                    0x001e                  _WREG15 = 0x1e
                    0x0020                  SPLIM = 0x20
                    0x0020                  _SPLIM = 0x20
                    0x002e                  PCL = 0x2e
                    0x002e                  _PCL = 0x2e
                    0x0030                  PCH = 0x30
                    0x0030                  _PCH = 0x30
                    0x0032                  TBLPAG = 0x32
                    0x0032                  _TBLPAG = 0x32
                    0x0034                  PSVPAG = 0x34
                    0x0034                  _PSVPAG = 0x34
                    0x0036                  RCOUNT = 0x36
                    0x0036                  _RCOUNT = 0x36
                    0x0042                  SR = 0x42
                    0x0042                  _SR = 0x42
                    0x0042                  _SRbits = 0x42
                    0x0044                  CORCON = 0x44
                    0x0044                  _CORCON = 0x44
                    0x0044                  _CORCONbits = 0x44
                    0x0052                  DISICNT = 0x52
                    0x0052                  _DISICNT = 0x52
                    0x0054                  CNPD1 = 0x54
                    0x0054                  _CNPD1 = 0x54
                    0x0054                  _CNPD1bits = 0x54
                    0x0056                  CNPD2 = 0x56
                    0x0056                  _CNPD2 = 0x56
                    0x0056                  _CNPD2bits = 0x56
                    0x0058                  CNPD3 = 0x58
                    0x0058                  _CNPD3 = 0x58
                    0x0058                  _CNPD3bits = 0x58
                    0x005a                  CNPD4 = 0x5a
                    0x005a                  _CNPD4 = 0x5a
                    0x005a                  _CNPD4bits = 0x5a
                    0x005c                  CNPD5 = 0x5c
                    0x005c                  _CNPD5 = 0x5c
                    0x005c                  _CNPD5bits = 0x5c
                    0x005e                  CNPD6 = 0x5e
                    0x005e                  _CNPD6 = 0x5e
                    0x005e                  _CNPD6bits = 0x5e
                    0x0060                  CNEN1 = 0x60
                    0x0060                  _CNEN1 = 0x60
                    0x0060                  _CNEN1bits = 0x60
                    0x0062                  CNEN2 = 0x62
                    0x0062                  _CNEN2 = 0x62
                    0x0062                  _CNEN2bits = 0x62
                    0x0064                  CNEN3 = 0x64
                    0x0064                  _CNEN3 = 0x64
                    0x0064                  _CNEN3bits = 0x64
                    0x0066                  CNEN4 = 0x66
                    0x0066                  _CNEN4 = 0x66
                    0x0066                  _CNEN4bits = 0x66
                    0x0068                  CNEN5 = 0x68
                    0x0068                  _CNEN5 = 0x68
                    0x0068                  _CNEN5bits = 0x68
                    0x006a                  CNEN6 = 0x6a
                    0x006a                  _CNEN6 = 0x6a
                    0x006a                  _CNEN6bits = 0x6a
                    0x006c                  CNPU1 = 0x6c
                    0x006c                  _CNPU1 = 0x6c
                    0x006c                  _CNPU1bits = 0x6c
                    0x006e                  CNPU2 = 0x6e
                    0x006e                  _CNPU2 = 0x6e
                    0x006e                  _CNPU2bits = 0x6e
                    0x0070                  CNPU3 = 0x70
                    0x0070                  _CNPU3 = 0x70
                    0x0070                  _CNPU3bits = 0x70
                    0x0072                  CNPU4 = 0x72
                    0x0072                  _CNPU4 = 0x72
                    0x0072                  _CNPU4bits = 0x72
                    0x0074                  CNPU5 = 0x74
                    0x0074                  _CNPU5 = 0x74
                    0x0074                  _CNPU5bits = 0x74
                    0x0076                  CNPU6 = 0x76
                    0x0076                  _CNPU6 = 0x76
                    0x0076                  _CNPU6bits = 0x76
                    0x0080                  INTCON1 = 0x80
                    0x0080                  _INTCON1 = 0x80
                    0x0080                  _INTCON1bits = 0x80
                    0x0082                  INTCON2 = 0x82
                    0x0082                  _INTCON2 = 0x82
                    0x0082                  _INTCON2bits = 0x82
                    0x0084                  IFS0 = 0x84
                    0x0084                  _IFS0 = 0x84
                    0x0084                  _IFS0bits = 0x84
                    0x0086                  IFS1 = 0x86
                    0x0086                  _IFS1 = 0x86
                    0x0086                  _IFS1bits = 0x86
                    0x0088                  IFS2 = 0x88
                    0x0088                  _IFS2 = 0x88
                    0x0088                  _IFS2bits = 0x88
                    0x008a                  IFS3 = 0x8a
                    0x008a                  _IFS3 = 0x8a
                    0x008a                  _IFS3bits = 0x8a
                    0x008c                  IFS4 = 0x8c
                    0x008c                  _IFS4 = 0x8c
                    0x008c                  _IFS4bits = 0x8c
                    0x008e                  IFS5 = 0x8e
                    0x008e                  _IFS5 = 0x8e
                    0x008e                  _IFS5bits = 0x8e
                    0x0094                  IEC0 = 0x94
                    0x0094                  _IEC0 = 0x94
                    0x0094                  _IEC0bits = 0x94
                    0x0096                  IEC1 = 0x96
                    0x0096                  _IEC1 = 0x96
                    0x0096                  _IEC1bits = 0x96
                    0x0098                  IEC2 = 0x98
                    0x0098                  _IEC2 = 0x98
                    0x0098                  _IEC2bits = 0x98
                    0x009a                  IEC3 = 0x9a
                    0x009a                  _IEC3 = 0x9a
                    0x009a                  _IEC3bits = 0x9a
                    0x009c                  IEC4 = 0x9c
                    0x009c                  _IEC4 = 0x9c
                    0x009c                  _IEC4bits = 0x9c
                    0x009e                  IEC5 = 0x9e
                    0x009e                  _IEC5 = 0x9e
                    0x009e                  _IEC5bits = 0x9e
                    0x00a4                  IPC0 = 0xa4
                    0x00a4                  _IPC0 = 0xa4
                    0x00a4                  _IPC0bits = 0xa4
                    0x00a6                  IPC1 = 0xa6
                    0x00a6                  _IPC1 = 0xa6
                    0x00a6                  _IPC1bits = 0xa6
                    0x00a8                  IPC2 = 0xa8
                    0x00a8                  _IPC2 = 0xa8
                    0x00a8                  _IPC2bits = 0xa8
                    0x00aa                  IPC3 = 0xaa
                    0x00aa                  _IPC3 = 0xaa
                    0x00aa                  _IPC3bits = 0xaa
                    0x00ac                  IPC4 = 0xac
                    0x00ac                  _IPC4 = 0xac
                    0x00ac                  _IPC4bits = 0xac
                    0x00ae                  IPC5 = 0xae
                    0x00ae                  _IPC5 = 0xae
                    0x00ae                  _IPC5bits = 0xae
                    0x00b0                  IPC6 = 0xb0
                    0x00b0                  _IPC6 = 0xb0
                    0x00b0                  _IPC6bits = 0xb0
                    0x00b2                  IPC7 = 0xb2
                    0x00b2                  _IPC7 = 0xb2
                    0x00b2                  _IPC7bits = 0xb2
                    0x00b4                  IPC8 = 0xb4
                    0x00b4                  _IPC8 = 0xb4
                    0x00b4                  _IPC8bits = 0xb4
                    0x00b6                  IPC9 = 0xb6
                    0x00b6                  _IPC9 = 0xb6
                    0x00b6                  _IPC9bits = 0xb6
                    0x00b8                  IPC10 = 0xb8
                    0x00b8                  _IPC10 = 0xb8
                    0x00b8                  _IPC10bits = 0xb8
                    0x00ba                  IPC11 = 0xba
                    0x00ba                  _IPC11 = 0xba
                    0x00ba                  _IPC11bits = 0xba
                    0x00bc                  IPC12 = 0xbc
                    0x00bc                  _IPC12 = 0xbc
                    0x00bc                  _IPC12bits = 0xbc
                    0x00be                  IPC13 = 0xbe
                    0x00be                  _IPC13 = 0xbe
                    0x00be                  _IPC13bits = 0xbe
                    0x00c2                  IPC15 = 0xc2
                    0x00c2                  _IPC15 = 0xc2
                    0x00c2                  _IPC15bits = 0xc2
                    0x00c4                  IPC16 = 0xc4
                    0x00c4                  _IPC16 = 0xc4
                    0x00c4                  _IPC16bits = 0xc4
                    0x00c8                  IPC18 = 0xc8
                    0x00c8                  _IPC18 = 0xc8
                    0x00c8                  _IPC18bits = 0xc8
                    0x00ca                  IPC19 = 0xca
                    0x00ca                  _IPC19 = 0xca
                    0x00ca                  _IPC19bits = 0xca
                    0x00cc                  IPC20 = 0xcc
                    0x00cc                  _IPC20 = 0xcc
                    0x00cc                  _IPC20bits = 0xcc
                    0x00ce                  IPC21 = 0xce
                    0x00ce                  _IPC21 = 0xce
                    0x00ce                  _IPC21bits = 0xce
                    0x00d0                  IPC22 = 0xd0
                    0x00d0                  _IPC22 = 0xd0
                    0x00d0                  _IPC22bits = 0xd0
                    0x00d2                  IPC23 = 0xd2
                    0x00d2                  _IPC23 = 0xd2
                    0x00d2                  _IPC23bits = 0xd2
                    0x00e0                  INTTREG = 0xe0
                    0x00e0                  _INTTREG = 0xe0
                    0x00e0                  _INTTREGbits = 0xe0
                    0x0100                  TMR1 = 0x100
                    0x0100                  _TMR1 = 0x100
                    0x0102                  PR1 = 0x102
                    0x0102                  _PR1 = 0x102
                    0x0104                  T1CON = 0x104
                    0x0104                  _T1CON = 0x104
                    0x0104                  _T1CONbits = 0x104
                    0x0106                  TMR2 = 0x106
                    0x0106                  _TMR2 = 0x106
                    0x0108                  TMR3HLD = 0x108
                    0x0108                  _TMR3HLD = 0x108
                    0x010a                  TMR3 = 0x10a
                    0x010a                  _TMR3 = 0x10a
                    0x010c                  PR2 = 0x10c
                    0x010c                  _PR2 = 0x10c
                    0x010e                  PR3 = 0x10e
                    0x010e                  _PR3 = 0x10e
                    0x0110                  T2CON = 0x110
                    0x0110                  _T2CON = 0x110
                    0x0110                  _T2CONbits = 0x110
                    0x0112                  T3CON = 0x112
                    0x0112                  _T3CON = 0x112
                    0x0112                  _T3CONbits = 0x112
                    0x0114                  TMR4 = 0x114
                    0x0114                  _TMR4 = 0x114
                    0x0116                  TMR5HLD = 0x116
                    0x0116                  _TMR5HLD = 0x116
                    0x0118                  TMR5 = 0x118
                    0x0118                  _TMR5 = 0x118
                    0x011a                  PR4 = 0x11a
                    0x011a                  _PR4 = 0x11a
                    0x011c                  PR5 = 0x11c
                    0x011c                  _PR5 = 0x11c
                    0x011e                  T4CON = 0x11e
                    0x011e                  _T4CON = 0x11e
                    0x011e                  _T4CONbits = 0x11e
                    0x0120                  T5CON = 0x120
                    0x0120                  _T5CON = 0x120
                    0x0120                  _T5CONbits = 0x120
                    0x0140                  IC1CON1 = 0x140
                    0x0140                  _IC1CON1 = 0x140
                    0x0140                  _IC1CON1bits = 0x140
                    0x0142                  IC1CON2 = 0x142
                    0x0142                  _IC1CON2 = 0x142
                    0x0142                  _IC1CON2bits = 0x142
                    0x0144                  IC1BUF = 0x144
                    0x0144                  _IC1BUF = 0x144
                    0x0146                  IC1TMR = 0x146
                    0x0146                  _IC1TMR = 0x146
                    0x0148                  IC2CON1 = 0x148
                    0x0148                  _IC2CON1 = 0x148
                    0x0148                  _IC2CON1bits = 0x148
                    0x014a                  IC2CON2 = 0x14a
                    0x014a                  _IC2CON2 = 0x14a
                    0x014a                  _IC2CON2bits = 0x14a
                    0x014c                  IC2BUF = 0x14c
                    0x014c                  _IC2BUF = 0x14c
                    0x014e                  IC2TMR = 0x14e
                    0x014e                  _IC2TMR = 0x14e
                    0x0150                  IC3CON1 = 0x150
                    0x0150                  _IC3CON1 = 0x150
                    0x0150                  _IC3CON1bits = 0x150
                    0x0152                  IC3CON2 = 0x152
                    0x0152                  _IC3CON2 = 0x152
                    0x0152                  _IC3CON2bits = 0x152
                    0x0154                  IC3BUF = 0x154
                    0x0154                  _IC3BUF = 0x154
                    0x0156                  IC3TMR = 0x156
                    0x0156                  _IC3TMR = 0x156
                    0x0158                  IC4CON1 = 0x158
                    0x0158                  _IC4CON1 = 0x158
                    0x0158                  _IC4CON1bits = 0x158
                    0x015a                  IC4CON2 = 0x15a
                    0x015a                  _IC4CON2 = 0x15a
                    0x015a                  _IC4CON2bits = 0x15a
                    0x015c                  IC4BUF = 0x15c
                    0x015c                  _IC4BUF = 0x15c
                    0x015e                  IC4TMR = 0x15e
                    0x015e                  _IC4TMR = 0x15e
                    0x0160                  IC5CON1 = 0x160
                    0x0160                  _IC5CON1 = 0x160
                    0x0160                  _IC5CON1bits = 0x160
                    0x0162                  IC5CON2 = 0x162
                    0x0162                  _IC5CON2 = 0x162
                    0x0162                  _IC5CON2bits = 0x162
                    0x0164                  IC5BUF = 0x164
                    0x0164                  _IC5BUF = 0x164
                    0x0166                  IC5TMR = 0x166
                    0x0166                  _IC5TMR = 0x166
                    0x0168                  IC6CON1 = 0x168
                    0x0168                  _IC6CON1 = 0x168
                    0x0168                  _IC6CON1bits = 0x168
                    0x016a                  IC6CON2 = 0x16a
                    0x016a                  _IC6CON2 = 0x16a
                    0x016a                  _IC6CON2bits = 0x16a
                    0x016c                  IC6BUF = 0x16c
                    0x016c                  _IC6BUF = 0x16c
                    0x016e                  IC6TMR = 0x16e
                    0x016e                  _IC6TMR = 0x16e
                    0x0170                  IC7CON1 = 0x170
                    0x0170                  _IC7CON1 = 0x170
                    0x0170                  _IC7CON1bits = 0x170
                    0x0172                  IC7CON2 = 0x172
                    0x0172                  _IC7CON2 = 0x172
                    0x0172                  _IC7CON2bits = 0x172
                    0x0174                  IC7BUF = 0x174
                    0x0174                  _IC7BUF = 0x174
                    0x0176                  IC7TMR = 0x176
                    0x0176                  _IC7TMR = 0x176
                    0x0178                  IC8CON1 = 0x178
                    0x0178                  _IC8CON1 = 0x178
                    0x0178                  _IC8CON1bits = 0x178
                    0x017a                  IC8CON2 = 0x17a
                    0x017a                  _IC8CON2 = 0x17a
                    0x017a                  _IC8CON2bits = 0x17a
                    0x017c                  IC8BUF = 0x17c
                    0x017c                  _IC8BUF = 0x17c
                    0x017e                  IC8TMR = 0x17e
                    0x017e                  _IC8TMR = 0x17e
                    0x0180                  IC9CON1 = 0x180
                    0x0180                  _IC9CON1 = 0x180
                    0x0180                  _IC9CON1bits = 0x180
                    0x0182                  IC9CON2 = 0x182
                    0x0182                  _IC9CON2 = 0x182
                    0x0182                  _IC9CON2bits = 0x182
                    0x0184                  IC9BUF = 0x184
                    0x0184                  _IC9BUF = 0x184
                    0x0186                  IC9TMR = 0x186
                    0x0186                  _IC9TMR = 0x186
                    0x0190                  OC1CON1 = 0x190
                    0x0190                  _OC1CON1 = 0x190
                    0x0190                  _OC1CON1bits = 0x190
                    0x0192                  OC1CON2 = 0x192
                    0x0192                  _OC1CON2 = 0x192
                    0x0192                  _OC1CON2bits = 0x192
                    0x0194                  OC1RS = 0x194
                    0x0194                  _OC1RS = 0x194
                    0x0196                  OC1R = 0x196
                    0x0196                  _OC1R = 0x196
                    0x0198                  OC1TMR = 0x198
                    0x0198                  _OC1TMR = 0x198
                    0x019a                  OC2CON1 = 0x19a
                    0x019a                  _OC2CON1 = 0x19a
                    0x019a                  _OC2CON1bits = 0x19a
                    0x019c                  OC2CON2 = 0x19c
                    0x019c                  _OC2CON2 = 0x19c
                    0x019c                  _OC2CON2bits = 0x19c
                    0x019e                  OC2RS = 0x19e
                    0x019e                  _OC2RS = 0x19e
                    0x01a0                  OC2R = 0x1a0
                    0x01a0                  _OC2R = 0x1a0
                    0x01a2                  OC2TMR = 0x1a2
                    0x01a2                  _OC2TMR = 0x1a2
                    0x01a4                  OC3CON1 = 0x1a4
                    0x01a4                  _OC3CON1 = 0x1a4
                    0x01a4                  _OC3CON1bits = 0x1a4
                    0x01a6                  OC3CON2 = 0x1a6
                    0x01a6                  _OC3CON2 = 0x1a6
                    0x01a6                  _OC3CON2bits = 0x1a6
                    0x01a8                  OC3RS = 0x1a8
                    0x01a8                  _OC3RS = 0x1a8
                    0x01aa                  OC3R = 0x1aa
                    0x01aa                  _OC3R = 0x1aa
                    0x01ac                  OC3TMR = 0x1ac
                    0x01ac                  _OC3TMR = 0x1ac
                    0x01ae                  OC4CON1 = 0x1ae
                    0x01ae                  _OC4CON1 = 0x1ae
                    0x01ae                  _OC4CON1bits = 0x1ae
                    0x01b0                  OC4CON2 = 0x1b0
                    0x01b0                  _OC4CON2 = 0x1b0
                    0x01b0                  _OC4CON2bits = 0x1b0
                    0x01b2                  OC4RS = 0x1b2
                    0x01b2                  _OC4RS = 0x1b2
                    0x01b4                  OC4R = 0x1b4
                    0x01b4                  _OC4R = 0x1b4
                    0x01b6                  OC4TMR = 0x1b6
                    0x01b6                  _OC4TMR = 0x1b6
                    0x01b8                  OC5CON1 = 0x1b8
                    0x01b8                  _OC5CON1 = 0x1b8
                    0x01b8                  _OC5CON1bits = 0x1b8
                    0x01ba                  OC5CON2 = 0x1ba
                    0x01ba                  _OC5CON2 = 0x1ba
                    0x01ba                  _OC5CON2bits = 0x1ba
                    0x01bc                  OC5RS = 0x1bc
                    0x01bc                  _OC5RS = 0x1bc
                    0x01be                  OC5R = 0x1be
                    0x01be                  _OC5R = 0x1be
                    0x01c0                  OC5TMR = 0x1c0
                    0x01c0                  _OC5TMR = 0x1c0
                    0x01c2                  OC6CON1 = 0x1c2
                    0x01c2                  _OC6CON1 = 0x1c2
                    0x01c2                  _OC6CON1bits = 0x1c2
                    0x01c4                  OC6CON2 = 0x1c4
                    0x01c4                  _OC6CON2 = 0x1c4
                    0x01c4                  _OC6CON2bits = 0x1c4
                    0x01c6                  OC6RS = 0x1c6
                    0x01c6                  _OC6RS = 0x1c6
                    0x01c8                  OC6R = 0x1c8
                    0x01c8                  _OC6R = 0x1c8
                    0x01ca                  OC6TMR = 0x1ca
                    0x01ca                  _OC6TMR = 0x1ca
                    0x01cc                  OC7CON1 = 0x1cc
                    0x01cc                  _OC7CON1 = 0x1cc
                    0x01cc                  _OC7CON1bits = 0x1cc
                    0x01ce                  OC7CON2 = 0x1ce
                    0x01ce                  _OC7CON2 = 0x1ce
                    0x01ce                  _OC7CON2bits = 0x1ce
                    0x01d0                  OC7RS = 0x1d0
                    0x01d0                  _OC7RS = 0x1d0
                    0x01d2                  OC7R = 0x1d2
                    0x01d2                  _OC7R = 0x1d2
                    0x01d4                  OC7TMR = 0x1d4
                    0x01d4                  _OC7TMR = 0x1d4
                    0x01d6                  OC8CON1 = 0x1d6
                    0x01d6                  _OC8CON1 = 0x1d6
                    0x01d6                  _OC8CON1bits = 0x1d6
                    0x01d8                  OC8CON2 = 0x1d8
                    0x01d8                  _OC8CON2 = 0x1d8
                    0x01d8                  _OC8CON2bits = 0x1d8
                    0x01da                  OC8RS = 0x1da
                    0x01da                  _OC8RS = 0x1da
                    0x01dc                  OC8R = 0x1dc
                    0x01dc                  _OC8R = 0x1dc
                    0x01de                  OC8TMR = 0x1de
                    0x01de                  _OC8TMR = 0x1de
                    0x01e0                  OC9CON1 = 0x1e0
                    0x01e0                  _OC9CON1 = 0x1e0
                    0x01e0                  _OC9CON1bits = 0x1e0
                    0x01e2                  OC9CON2 = 0x1e2
                    0x01e2                  _OC9CON2 = 0x1e2
                    0x01e2                  _OC9CON2bits = 0x1e2
                    0x01e4                  OC9RS = 0x1e4
                    0x01e4                  _OC9RS = 0x1e4
                    0x01e6                  OC9R = 0x1e6
                    0x01e6                  _OC9R = 0x1e6
                    0x01e8                  OC9TMR = 0x1e8
                    0x01e8                  _OC9TMR = 0x1e8
                    0x0200                  I2C1RCV = 0x200
                    0x0200                  _I2C1RCV = 0x200
                    0x0202                  I2C1TRN = 0x202
                    0x0202                  _I2C1TRN = 0x202
                    0x0204                  I2C1BRG = 0x204
                    0x0204                  _I2C1BRG = 0x204
                    0x0206                  I2C1CON = 0x206
                    0x0206                  _I2C1CON = 0x206
                    0x0206                  _I2C1CONbits = 0x206
                    0x0208                  I2C1STAT = 0x208
                    0x0208                  _I2C1STAT = 0x208
                    0x0208                  _I2C1STATbits = 0x208
                    0x020a                  I2C1ADD = 0x20a
                    0x020a                  _I2C1ADD = 0x20a
                    0x020c                  I2C1MSK = 0x20c
                    0x020c                  _I2C1MSK = 0x20c
                    0x0210                  I2C2RCV = 0x210
                    0x0210                  _I2C2RCV = 0x210
                    0x0212                  I2C2TRN = 0x212
                    0x0212                  _I2C2TRN = 0x212
                    0x0214                  I2C2BRG = 0x214
                    0x0214                  _I2C2BRG = 0x214
                    0x0216                  I2C2CON = 0x216
                    0x0216                  _I2C2CON = 0x216
                    0x0216                  _I2C2CONbits = 0x216
                    0x0218                  I2C2STAT = 0x218
                    0x0218                  _I2C2STAT = 0x218
                    0x0218                  _I2C2STATbits = 0x218
                    0x021a                  I2C2ADD = 0x21a
                    0x021a                  _I2C2ADD = 0x21a
                    0x021c                  I2C2MSK = 0x21c
                    0x021c                  _I2C2MSK = 0x21c
                    0x0220                  U1MODE = 0x220
                    0x0220                  _U1MODE = 0x220
                    0x0220                  _U1MODEbits = 0x220
                    0x0222                  U1STA = 0x222
                    0x0222                  _U1STA = 0x222
                    0x0222                  _U1STAbits = 0x222
                    0x0224                  U1TXREG = 0x224
                    0x0224                  _U1TXREG = 0x224
                    0x0226                  U1RXREG = 0x226
                    0x0226                  _U1RXREG = 0x226
                    0x0228                  U1BRG = 0x228
                    0x0228                  _U1BRG = 0x228
                    0x0230                  U2MODE = 0x230
                    0x0230                  _U2MODE = 0x230
                    0x0230                  _U2MODEbits = 0x230
                    0x0232                  U2STA = 0x232
                    0x0232                  _U2STA = 0x232
                    0x0232                  _U2STAbits = 0x232
                    0x0234                  U2TXREG = 0x234
                    0x0234                  _U2TXREG = 0x234
                    0x0236                  U2RXREG = 0x236
                    0x0236                  _U2RXREG = 0x236
                    0x0238                  U2BRG = 0x238
                    0x0238                  _U2BRG = 0x238
                    0x0240                  SPI1STAT = 0x240
                    0x0240                  _SPI1STAT = 0x240
                    0x0240                  _SPI1STATbits = 0x240
                    0x0242                  SPI1CON1 = 0x242
                    0x0242                  _SPI1CON1 = 0x242
                    0x0242                  _SPI1CON1bits = 0x242
                    0x0244                  SPI1CON2 = 0x244
                    0x0244                  _SPI1CON2 = 0x244
                    0x0244                  _SPI1CON2bits = 0x244
                    0x0248                  SPI1BUF = 0x248
                    0x0248                  _SPI1BUF = 0x248
                    0x0250                  U3MODE = 0x250
                    0x0250                  _U3MODE = 0x250
                    0x0250                  _U3MODEbits = 0x250
                    0x0252                  U3STA = 0x252
                    0x0252                  _U3STA = 0x252
                    0x0252                  _U3STAbits = 0x252
                    0x0254                  U3TXREG = 0x254
                    0x0254                  _U3TXREG = 0x254
                    0x0256                  U3RXREG = 0x256
                    0x0256                  _U3RXREG = 0x256
                    0x0258                  U3BRG = 0x258
                    0x0258                  _U3BRG = 0x258
                    0x0260                  SPI2STAT = 0x260
                    0x0260                  _SPI2STAT = 0x260
                    0x0260                  _SPI2STATbits = 0x260
                    0x0262                  SPI2CON1 = 0x262
                    0x0262                  _SPI2CON1 = 0x262
                    0x0262                  _SPI2CON1bits = 0x262
                    0x0264                  SPI2CON2 = 0x264
                    0x0264                  _SPI2CON2 = 0x264
                    0x0264                  _SPI2CON2bits = 0x264
                    0x0268                  SPI2BUF = 0x268
                    0x0268                  _SPI2BUF = 0x268
                    0x0270                  I2C3RCV = 0x270
                    0x0270                  _I2C3RCV = 0x270
                    0x0272                  I2C3TRN = 0x272
                    0x0272                  _I2C3TRN = 0x272
                    0x0274                  I2C3BRG = 0x274
                    0x0274                  _I2C3BRG = 0x274
                    0x0276                  I2C3CON = 0x276
                    0x0276                  _I2C3CON = 0x276
                    0x0276                  _I2C3CONbits = 0x276
                    0x0278                  I2C3STAT = 0x278
                    0x0278                  _I2C3STAT = 0x278
                    0x0278                  _I2C3STATbits = 0x278
                    0x027a                  I2C3ADD = 0x27a
                    0x027a                  _I2C3ADD = 0x27a
                    0x027c                  I2C3MSK = 0x27c
                    0x027c                  _I2C3MSK = 0x27c
                    0x0280                  SPI3STAT = 0x280